Archive member included to satisfy reference by file (symbol)

D:/stm32ide/STM32CubeIDE_1.17.0/STM32CubeIDE/plugins/com.st.stm32cube.ide.mcu.externaltools.gnu-tools-for-stm32.12.3.rel1.win32_1.1.0.202410251130/tools/bin/../lib/gcc/arm-none-eabi/12.3.1/../../../../arm-none-eabi/lib/thumb/v7e-m+fp/hard\libc_nano.a(libc_a-exit.o)
                              D:/stm32ide/STM32CubeIDE_1.17.0/STM32CubeIDE/plugins/com.st.stm32cube.ide.mcu.externaltools.gnu-tools-for-stm32.12.3.rel1.win32_1.1.0.202410251130/tools/bin/../lib/gcc/arm-none-eabi/12.3.1/../../../../arm-none-eabi/lib/thumb/v7e-m+fp/hard/crt0.o (exit)
D:/stm32ide/STM32CubeIDE_1.17.0/STM32CubeIDE/plugins/com.st.stm32cube.ide.mcu.externaltools.gnu-tools-for-stm32.12.3.rel1.win32_1.1.0.202410251130/tools/bin/../lib/gcc/arm-none-eabi/12.3.1/../../../../arm-none-eabi/lib/thumb/v7e-m+fp/hard\libc_nano.a(libc_a-findfp.o)
                              D:/stm32ide/STM32CubeIDE_1.17.0/STM32CubeIDE/plugins/com.st.stm32cube.ide.mcu.externaltools.gnu-tools-for-stm32.12.3.rel1.win32_1.1.0.202410251130/tools/bin/../lib/gcc/arm-none-eabi/12.3.1/../../../../arm-none-eabi/lib/thumb/v7e-m+fp/hard\libc_nano.a(libc_a-exit.o) (__stdio_exit_handler)
D:/stm32ide/STM32CubeIDE_1.17.0/STM32CubeIDE/plugins/com.st.stm32cube.ide.mcu.externaltools.gnu-tools-for-stm32.12.3.rel1.win32_1.1.0.202410251130/tools/bin/../lib/gcc/arm-none-eabi/12.3.1/../../../../arm-none-eabi/lib/thumb/v7e-m+fp/hard\libc_nano.a(libc_a-fwalk.o)
                              D:/stm32ide/STM32CubeIDE_1.17.0/STM32CubeIDE/plugins/com.st.stm32cube.ide.mcu.externaltools.gnu-tools-for-stm32.12.3.rel1.win32_1.1.0.202410251130/tools/bin/../lib/gcc/arm-none-eabi/12.3.1/../../../../arm-none-eabi/lib/thumb/v7e-m+fp/hard\libc_nano.a(libc_a-findfp.o) (_fwalk_sglue)
D:/stm32ide/STM32CubeIDE_1.17.0/STM32CubeIDE/plugins/com.st.stm32cube.ide.mcu.externaltools.gnu-tools-for-stm32.12.3.rel1.win32_1.1.0.202410251130/tools/bin/../lib/gcc/arm-none-eabi/12.3.1/../../../../arm-none-eabi/lib/thumb/v7e-m+fp/hard\libc_nano.a(libc_a-stdio.o)
                              D:/stm32ide/STM32CubeIDE_1.17.0/STM32CubeIDE/plugins/com.st.stm32cube.ide.mcu.externaltools.gnu-tools-for-stm32.12.3.rel1.win32_1.1.0.202410251130/tools/bin/../lib/gcc/arm-none-eabi/12.3.1/../../../../arm-none-eabi/lib/thumb/v7e-m+fp/hard\libc_nano.a(libc_a-findfp.o) (__sread)
D:/stm32ide/STM32CubeIDE_1.17.0/STM32CubeIDE/plugins/com.st.stm32cube.ide.mcu.externaltools.gnu-tools-for-stm32.12.3.rel1.win32_1.1.0.202410251130/tools/bin/../lib/gcc/arm-none-eabi/12.3.1/../../../../arm-none-eabi/lib/thumb/v7e-m+fp/hard\libc_nano.a(libc_a-memset.o)
                              D:/stm32ide/STM32CubeIDE_1.17.0/STM32CubeIDE/plugins/com.st.stm32cube.ide.mcu.externaltools.gnu-tools-for-stm32.12.3.rel1.win32_1.1.0.202410251130/tools/bin/../lib/gcc/arm-none-eabi/12.3.1/../../../../arm-none-eabi/lib/thumb/v7e-m+fp/hard/crt0.o (memset)
D:/stm32ide/STM32CubeIDE_1.17.0/STM32CubeIDE/plugins/com.st.stm32cube.ide.mcu.externaltools.gnu-tools-for-stm32.12.3.rel1.win32_1.1.0.202410251130/tools/bin/../lib/gcc/arm-none-eabi/12.3.1/../../../../arm-none-eabi/lib/thumb/v7e-m+fp/hard\libc_nano.a(libc_a-closer.o)
                              D:/stm32ide/STM32CubeIDE_1.17.0/STM32CubeIDE/plugins/com.st.stm32cube.ide.mcu.externaltools.gnu-tools-for-stm32.12.3.rel1.win32_1.1.0.202410251130/tools/bin/../lib/gcc/arm-none-eabi/12.3.1/../../../../arm-none-eabi/lib/thumb/v7e-m+fp/hard\libc_nano.a(libc_a-stdio.o) (_close_r)
D:/stm32ide/STM32CubeIDE_1.17.0/STM32CubeIDE/plugins/com.st.stm32cube.ide.mcu.externaltools.gnu-tools-for-stm32.12.3.rel1.win32_1.1.0.202410251130/tools/bin/../lib/gcc/arm-none-eabi/12.3.1/../../../../arm-none-eabi/lib/thumb/v7e-m+fp/hard\libc_nano.a(libc_a-reent.o)
                              D:/stm32ide/STM32CubeIDE_1.17.0/STM32CubeIDE/plugins/com.st.stm32cube.ide.mcu.externaltools.gnu-tools-for-stm32.12.3.rel1.win32_1.1.0.202410251130/tools/bin/../lib/gcc/arm-none-eabi/12.3.1/../../../../arm-none-eabi/lib/thumb/v7e-m+fp/hard\libc_nano.a(libc_a-closer.o) (errno)
D:/stm32ide/STM32CubeIDE_1.17.0/STM32CubeIDE/plugins/com.st.stm32cube.ide.mcu.externaltools.gnu-tools-for-stm32.12.3.rel1.win32_1.1.0.202410251130/tools/bin/../lib/gcc/arm-none-eabi/12.3.1/../../../../arm-none-eabi/lib/thumb/v7e-m+fp/hard\libc_nano.a(libc_a-impure.o)
                              D:/stm32ide/STM32CubeIDE_1.17.0/STM32CubeIDE/plugins/com.st.stm32cube.ide.mcu.externaltools.gnu-tools-for-stm32.12.3.rel1.win32_1.1.0.202410251130/tools/bin/../lib/gcc/arm-none-eabi/12.3.1/../../../../arm-none-eabi/lib/thumb/v7e-m+fp/hard\libc_nano.a(libc_a-reent.o) (_impure_ptr)
D:/stm32ide/STM32CubeIDE_1.17.0/STM32CubeIDE/plugins/com.st.stm32cube.ide.mcu.externaltools.gnu-tools-for-stm32.12.3.rel1.win32_1.1.0.202410251130/tools/bin/../lib/gcc/arm-none-eabi/12.3.1/../../../../arm-none-eabi/lib/thumb/v7e-m+fp/hard\libc_nano.a(libc_a-lseekr.o)
[...]
Memory Configuration

Name             Origin             Length             Attributes
CCMRAM           0x10000000         0x00010000         xrw
RAM              0x20000000         0x00020000         xrw
FLASH            0x08000000         0x00100000         xr
*default*        0x00000000         0xffffffff

Linker script and memory map

LOAD D:/stm32ide/STM32CubeIDE_1.17.0/STM32CubeIDE/plugins/com.st.stm32cube.ide.mcu.externaltools.gnu-tools-for-stm32.12.3.rel1.win32_1.1.0.202410251130/tools/bin/../lib/gcc/arm-none-eabi/12.3.1/thumb/v7e-m+fp/hard/crti.o
LOAD D:/stm32ide/STM32CubeIDE_1.17.0/STM32CubeIDE/plugins/com.st.stm32cube.ide.mcu.externaltools.gnu-tools-for-stm32.12.3.rel1.win32_1.1.0.202410251130/tools/bin/../lib/gcc/arm-none-eabi/12.3.1/thumb/v7e-m+fp/hard/crtbegin.o
LOAD D:/stm32ide/STM32CubeIDE_1.17.0/STM32CubeIDE/plugins/com.st.stm32cube.ide.mcu.externaltools.gnu-tools-for-stm32.12.3.rel1.win32_1.1.0.202410251130/tools/bin/../lib/gcc/arm-none-eabi/12.3.1/../../../../arm-none-eabi/lib/thumb/v7e-m+fp/hard/crt0.o
LOAD ./Core/Src/main.o
LOAD ./Core/Src/stm32f4xx_hal_msp.o
LOAD ./Core/Src/stm32f4xx_it.o
LOAD ./Core/Src/syscalls.o
LOAD ./Core/Src/sysmem.o
LOAD ./Core/Src/system_stm32f4xx.o
LOAD ./Core/Startup/startup_stm32f407vgtx.o
LOAD ./Drivers/STM32F4xx_HAL_Driver/Src/stm32f4xx_hal.o
LOAD ./Drivers/STM32F4xx_HAL_Driver/Src/stm32f4xx_hal_cortex.o
LOAD ./Drivers/STM32F4xx_HAL_Driver/Src/stm32f4xx_hal_dma.o
LOAD ./Drivers/STM32F4xx_HAL_Driver/Src/stm32f4xx_hal_dma_ex.o
LOAD ./Drivers/STM32F4xx_HAL_Driver/Src/stm32f4xx_hal_exti.o
LOAD ./Drivers/STM32F4xx_HAL_Driver/Src/stm32f4xx_hal_flash.o
LOAD ./Drivers/STM32F4xx_HAL_Driver/Src/stm32f4xx_hal_flash_ex.o
LOAD ./Drivers/STM32F4xx_HAL_Driver/Src/stm32f4xx_hal_flash_ramfunc.o
LOAD ./Drivers/STM32F4xx_HAL_Driver/Src/stm32f4xx_hal_gpio.o
LOAD ./Drivers/STM32F4xx_HAL_Driver/Src/stm32f4xx_hal_pcd.o
LOAD ./Drivers/STM32F4xx_HAL_Driver/Src/stm32f4xx_hal_pcd_ex.o
LOAD ./Drivers/STM32F4xx_HAL_Driver/Src/stm32f4xx_hal_pwr.o
LOAD ./Drivers/STM32F4xx_HAL_Driver/Src/stm32f4xx_hal_pwr_ex.o
LOAD ./Drivers/STM32F4xx_HAL_Driver/Src/stm32f4xx_hal_rcc.o
LOAD ./Drivers/STM32F4xx_HAL_Driver/Src/stm32f4xx_hal_rcc_ex.o
LOAD ./Drivers/STM32F4xx_HAL_Driver/Src/stm32f4xx_ll_usb.o
LOAD ./Middlewares/ST/STM32_USB_Device_Library/Class/CDC/Src/usbd_cdc.o
LOAD ./Middlewares/ST/STM32_USB_Device_Library/Core/Src/usbd_core.o
LOAD ./Middlewares/ST/STM32_USB_Device_Library/Core/Src/usbd_ctlreq.o
LOAD ./Middlewares/ST/STM32_USB_Device_Library/Core/Src/usbd_ioreq.o
LOAD ./USB_DEVICE/App/usb_device.o
LOAD ./USB_DEVICE/App/usbd_cdc_if.o
LOAD ./USB_DEVICE/App/usbd_desc.o
LOAD ./USB_DEVICE/Target/usbd_conf.o
START GROUP
LOAD D:/stm32ide/STM32CubeIDE_1.17.0/STM32CubeIDE/plugins/com.st.stm32cube.ide.mcu.externaltools.gnu-tools-for-stm32.12.3.rel1.win32_1.1.0.202410251130/tools/bin/../lib/gcc/arm-none-eabi/12.3.1/../../../../arm-none-eabi/lib/thumb/v7e-m+fp/hard\libc_nano.a
LOAD D:/stm32ide/STM32CubeIDE_1.17.0/STM32CubeIDE/plugins/com.st.stm32cube.ide.mcu.externaltools.gnu-tools-for-stm32.12.3.rel1.win32_1.1.0.202410251130/tools/bin/../lib/gcc/arm-none-eabi/12.3.1/../../../../arm-none-eabi/lib/thumb/v7e-m+fp/hard\libm.a
END GROUP
START GROUP
LOAD D:/stm32ide/STM32CubeIDE_1.17.0/STM32CubeIDE/plugins/com.st.stm32cube.ide.mcu.externaltools.gnu-tools-for-stm32.12.3.rel1.win32_1.1.0.202410251130/tools/bin/../lib/gcc/arm-none-eabi/12.3.1/thumb/v7e-m+fp/hard\libgcc.a
LOAD D:/stm32ide/STM32CubeIDE_1.17.0/STM32CubeIDE/plugins/com.st.stm32cube.ide.mcu.externaltools.gnu-tools-for-stm32.12.3.rel1.win32_1.1.0.202410251130/tools/bin/../lib/gcc/arm-none-eabi/12.3.1/../../../../arm-none-eabi/lib/thumb/v7e-m+fp/hard\libc_nano.a
END GROUP
START GROUP
LOAD D:/stm32ide/STM32CubeIDE_1.17.0/STM32CubeIDE/plugins/com.st.stm32cube.ide.mcu.externaltools.gnu-tools-for-stm32.12.3.rel1.win32_1.1.0.202410251130/tools/bin/../lib/gcc/arm-none-eabi/12.3.1/thumb/v7e-m+fp/hard\libgcc.a
LOAD D:/stm32ide/STM32CubeIDE_1.17.0/STM32CubeIDE/plugins/com.st.stm32cube.ide.mcu.externaltools.gnu-tools-for-stm32.12.3.rel1.win32_1.1.0.202410251130/tools/bin/../lib/gcc/arm-none-eabi/12.3.1/../../../../arm-none-eabi/lib/thumb/v7e-m+fp/hard\libc_nano.a
LOAD D:/stm32ide/STM32CubeIDE_1.17.0/STM32CubeIDE/plugins/com.st.stm32cube.ide.mcu.externaltools.gnu-tools-for-stm32.12.3.rel1.win32_1.1.0.202410251130/tools/bin/../lib/gcc/arm-none-eabi/12.3.1/../../../../arm-none-eabi/lib/thumb/v7e-m+fp/hard\libnosys.a
END GROUP
START GROUP
LOAD D:/stm32ide/STM32CubeIDE_1.17.0/STM32CubeIDE/plugins/com.st.stm32cube.ide.mcu.externaltools.gnu-tools-for-stm32.12.3.rel1.win32_1.1.0.202410251130/tools/bin/../lib/gcc/arm-none-eabi/12.3.1/thumb/v7e-m+fp/hard\libgcc.a
LOAD D:/stm32ide/STM32CubeIDE_1.17.0/STM32CubeIDE/plugins/com.st.stm32cube.ide.mcu.externaltools.gnu-tools-for-stm32.12.3.rel1.win32_1.1.0.202410251130/tools/bin/../lib/gcc/arm-none-eabi/12.3.1/../../../../arm-none-eabi/lib/thumb/v7e-m+fp/hard\libc_nano.a
LOAD D:/stm32ide/STM32CubeIDE_1.17.0/STM32CubeIDE/plugins/com.st.stm32cube.ide.mcu.externaltools.gnu-tools-for-stm32.12.3.rel1.win32_1.1.0.202410251130/tools/bin/../lib/gcc/arm-none-eabi/12.3.1/../../../../arm-none-eabi/lib/thumb/v7e-m+fp/hard\libnosys.a
END GROUP
LOAD D:/stm32ide/STM32CubeIDE_1.17.0/STM32CubeIDE/plugins/com.st.stm32cube.ide.mcu.externaltools.gnu-tools-for-stm32.12.3.rel1.win32_1.1.0.202410251130/tools/bin/../lib/gcc/arm-none-eabi/12.3.1/thumb/v7e-m+fp/hard/crtend.o
LOAD D:/stm32ide/STM32CubeIDE_1.17.0/STM32CubeIDE/plugins/com.st.stm32cube.ide.mcu.externaltools.gnu-tools-for-stm32.12.3.rel1.win32_1.1.0.202410251130/tools/bin/../lib/gcc/arm-none-eabi/12.3.1/thumb/v7e-m+fp/hard/crtn.o
                0x20020000                        _estack = (ORIGIN (RAM) + LENGTH (RAM))
                0x00000200                        _Min_Heap_Size = 0x200
                0x00000400                        _Min_Stack_Size = 0x400

.isr_vector     0x08000000      0x188
                0x08000000                        . = ALIGN (0x4)
 *(.isr_vector)
 .isr_vector    0x08000000      0x188 ./Core/Startup/startup_stm32f407vgtx.o
                0x08000000                g_pfnVectors
                0x08000188                        . = ALIGN (0x4)

.text           0x08000188     0x6c38
                0x08000188                        . = ALIGN (0x4)
 *(.text)
 .text          0x08000188       0x40 D:/stm32ide/STM32CubeIDE_1.17.0/STM32CubeIDE/plugins/com.st.stm32cube.ide.mcu.externaltools.gnu-tools-for-stm32.12.3.rel1.win32_1.1.0.202410251130/tools/bin/../lib/gcc/arm-none-eabi/12.3.1/thumb/v7e-m+fp/hard/crtbegin.o
 .text          0x080001c8       0x10 D:/stm32ide/STM32CubeIDE_1.17.0/STM32CubeIDE/plugins/com.st.stm32cube.ide.mcu.externaltools.gnu-tools-for-stm32.12.3.rel1.win32_1.1.0.202410251130/tools/bin/../lib/gcc/arm-none-eabi/12.3.1/../../../../arm-none-eabi/lib/thumb/v7e-m+fp/hard\libc_nano.a(libc_a-strlen.o)
                0x080001c8                strlen
 .text          0x080001d8       0x30 D:/stm32ide/STM32CubeIDE_1.17.0/STM32CubeIDE/plugins/com.st.stm32cube.ide.mcu.externaltools.gnu-tools-for-stm32.12.3.rel1.win32_1.1.0.202410251130/tools/bin/../lib/gcc/arm-none-eabi/12.3.1/thumb/v7e-m+fp/hard\libgcc.a(_aeabi_uldivmod.o)
                0x080001d8                __aeabi_uldivmod
 .text          0x08000208      0x2bc D:/stm32ide/STM32CubeIDE_1.17.0/STM32CubeIDE/plugins/com.st.stm32cube.ide.mcu.externaltools.gnu-tools-for-stm32.12.3.rel1.win32_1.1.0.202410251130/tools/bin/../lib/gcc/arm-none-eabi/12.3.1/thumb/v7e-m+fp/hard\libgcc.a(_udivmoddi4.o)
                0x08000208                __udivmoddi4
 .text          0x080004c4        0x4 D:/stm32ide/STM32CubeIDE_1.17.0/STM32CubeIDE/plugins/com.st.stm32cube.ide.mcu.externaltools.gnu-tools-for-stm32.12.3.rel1.win32_1.1.0.202410251130/tools/bin/../lib/gcc/arm-none-eabi/12.3.1/thumb/v7e-m+fp/hard\libgcc.a(_dvmd_tls.o)
                0x080004c4                __aeabi_idiv0
                0x080004c4                __aeabi_ldiv0
 *(.text*)
 .text.main     0x080004c8       0x68 ./Core/Src/main.o
                0x080004c8                main
 .text.SystemClock_Config
                0x08000530       0xd0 ./Core/Src/main.o
                0x08000530                SystemClock_Config
 .text.MX_GPIO_Init
                0x08000600       0xc0 ./Core/Src/main.o
 .text.Error_Handler
                0x080006c0        0xc ./Core/Src/main.o
                0x080006c0                Error_Handler
 .text.HAL_MspInit
                0x080006cc       0x50 ./Core/Src/stm32f4xx_hal_msp.o
                0x080006cc                HAL_MspInit
 .text.NMI_Handler
                0x0800071c        0x8 ./Core/Src/stm32f4xx_it.o
                0x0800071c                NMI_Handler
 .text.HardFault_Handler
                0x08000724        0x8 ./Core/Src/stm32f4xx_it.o
                0x08000724                HardFault_Handler
 .text.MemManage_Handler
                0x0800072c        0x8 ./Core/Src/stm32f4xx_it.o
                0x0800072c                MemManage_Handler
 .text.BusFault_Handler
                0x08000734        0x8 ./Core/Src/stm32f4xx_it.o
                0x08000734                BusFault_Handler
 .text.UsageFault_Handler
                0x0800073c        0x8 ./Core/Src/stm32f4xx_it.o
                0x0800073c                UsageFault_Handler
 .text.SVC_Handler
                0x08000744        0xe ./Core/Src/stm32f4xx_it.o
                0x08000744                SVC_Handler
 .text.DebugMon_Handler
                0x08000752        0xe ./Core/Src/stm32f4xx_it.o
                0x08000752                DebugMon_Handler
 .text.PendSV_Handler
                0x08000760        0xe ./Core/Src/stm32f4xx_it.o
                0x08000760                PendSV_Handler
 .text.SysTick_Handler
                0x0800076e        0xc ./Core/Src/stm32f4xx_it.o
                0x0800076e                SysTick_Handler
 *fill*         0x0800077a        0x2 
 .text.OTG_FS_IRQHandler
                0x0800077c       0x14 ./Core/Src/stm32f4xx_it.o
                0x0800077c                OTG_FS_IRQHandler
 .text.SystemInit
                0x08000790       0x24 ./Core/Src/system_stm32f4xx.o
                0x08000790                SystemInit
 .text.Reset_Handler
                0x080007b4       0x50 ./Core/Startup/startup_stm32f407vgtx.o
                0x080007b4                Reset_Handler
 .text.Default_Handler
                0x08000804        0x2 ./Core/Startup/startup_stm32f407vgtx.o
                0x08000804                RTC_Alarm_IRQHandler
                0x08000804                HASH_RNG_IRQHandler
                0x08000804                EXTI2_IRQHandler
                0x08000804                TIM8_CC_IRQHandler
                0x08000804                TIM1_CC_IRQHandler
                0x08000804                DMA2_Stream5_IRQHandler
                0x08000804                DMA1_Stream5_IRQHandler
                0x08000804                PVD_IRQHandler
                0x08000804                SDIO_IRQHandler
                0x08000804                TAMP_STAMP_IRQHandler
                0x08000804                CAN2_RX1_IRQHandler
                0x08000804                EXTI3_IRQHandler
                0x08000804                TIM8_TRG_COM_TIM14_IRQHandler
                0x08000804                TIM1_UP_TIM10_IRQHandler
                0x08000804                TIM8_UP_TIM13_IRQHandler
                0x08000804                I2C3_ER_IRQHandler
                0x08000804                EXTI0_IRQHandler
                0x08000804                I2C2_EV_IRQHandler
                0x08000804                DMA1_Stream2_IRQHandler
                0x08000804                CAN1_RX0_IRQHandler
                0x08000804                FPU_IRQHandler
                0x08000804                OTG_HS_WKUP_IRQHandler
                0x08000804                CAN2_SCE_IRQHandler
                0x08000804                DMA2_Stream2_IRQHandler
                0x08000804                SPI1_IRQHandler
                0x08000804                TIM6_DAC_IRQHandler
                0x08000804                TIM1_BRK_TIM9_IRQHandler
                0x08000804                DCMI_IRQHandler
                0x08000804                CAN2_RX0_IRQHandler
                0x08000804                DMA2_Stream3_IRQHandler
                0x08000804                USART6_IRQHandler
                0x08000804                USART3_IRQHandler
                0x08000804                CAN1_RX1_IRQHandler
                0x08000804                UART5_IRQHandler
                0x08000804                DMA2_Stream0_IRQHandler
                0x08000804                TIM4_IRQHandler
                0x08000804                I2C1_EV_IRQHandler
                0x08000804                DMA1_Stream6_IRQHandler
                0x08000804                DMA1_Stream1_IRQHandler
                0x08000804                UART4_IRQHandler
                0x08000804                TIM3_IRQHandler
                0x08000804                RCC_IRQHandler
                0x08000804                TIM8_BRK_TIM12_IRQHandler
                0x08000804                Default_Handler
                0x08000804                EXTI15_10_IRQHandler
                0x08000804                ADC_IRQHandler
                0x08000804                DMA1_Stream7_IRQHandler
                0x08000804                TIM7_IRQHandler
                0x08000804                CAN2_TX_IRQHandler
                0x08000804                TIM5_IRQHandler
                0x08000804                DMA2_Stream7_IRQHandler
                0x08000804                I2C3_EV_IRQHandler
                0x08000804                EXTI9_5_IRQHandler
                0x08000804                RTC_WKUP_IRQHandler
                0x08000804                ETH_WKUP_IRQHandler
                0x08000804                SPI2_IRQHandler
                0x08000804                OTG_HS_EP1_IN_IRQHandler
                0x08000804                DMA1_Stream0_IRQHandler
                0x08000804                CAN1_TX_IRQHandler
                0x08000804                EXTI4_IRQHandler
                0x08000804                FSMC_IRQHandler
                0x08000804                ETH_IRQHandler
                0x08000804                OTG_HS_EP1_OUT_IRQHandler
                0x08000804                WWDG_IRQHandler
                0x08000804                TIM2_IRQHandler
                0x08000804                OTG_FS_WKUP_IRQHandler
                0x08000804                TIM1_TRG_COM_TIM11_IRQHandler
                0x08000804                OTG_HS_IRQHandler
                0x08000804                EXTI1_IRQHandler
                0x08000804                USART2_IRQHandler
                0x08000804                I2C2_ER_IRQHandler
                0x08000804                DMA2_Stream1_IRQHandler
                0x08000804                CAN1_SCE_IRQHandler
                0x08000804                FLASH_IRQHandler
                0x08000804                DMA2_Stream4_IRQHandler
                0x08000804                USART1_IRQHandler
                0x08000804                SPI3_IRQHandler
                0x08000804                DMA1_Stream4_IRQHandler
                0x08000804                I2C1_ER_IRQHandler
                0x08000804                DMA2_Stream6_IRQHandler
                0x08000804                DMA1_Stream3_IRQHandler
 *fill*         0x08000806        0x2 
 .text.HAL_Init
                0x08000808       0x44 ./Drivers/STM32F4xx_HAL_Driver/Src/stm32f4xx_hal.o
                0x08000808                HAL_Init
 .text.HAL_InitTick
                0x0800084c       0x60 ./Drivers/STM32F4xx_HAL_Driver/Src/stm32f4xx_hal.o
                0x0800084c                HAL_InitTick
 .text.HAL_IncTick
                0x080008ac       0x28 ./Drivers/STM32F4xx_HAL_Driver/Src/stm32f4xx_hal.o
                0x080008ac                HAL_IncTick
 .text.HAL_GetTick
                0x080008d4       0x18 ./Drivers/STM32F4xx_HAL_Driver/Src/stm32f4xx_hal.o
                0x080008d4                HAL_GetTick
 .text.HAL_Delay
                0x080008ec       0x48 ./Drivers/STM32F4xx_HAL_Driver/Src/stm32f4xx_hal.o
                0x080008ec                HAL_Delay
 .text.__NVIC_SetPriorityGrouping
                0x08000934       0x48 ./Drivers/STM32F4xx_HAL_Driver/Src/stm32f4xx_hal_cortex.o
 .text.__NVIC_GetPriorityGrouping
                0x0800097c       0x1c ./Drivers/STM32F4xx_HAL_Driver/Src/stm32f4xx_hal_cortex.o
 .text.__NVIC_EnableIRQ
                0x08000998       0x3c ./Drivers/STM32F4xx_HAL_Driver/Src/stm32f4xx_hal_cortex.o
 .text.__NVIC_SetPriority
                0x080009d4       0x54 ./Drivers/STM32F4xx_HAL_Driver/Src/stm32f4xx_hal_cortex.o
 .text.NVIC_EncodePriority
                0x08000a28       0x66 ./Drivers/STM32F4xx_HAL_Driver/Src/stm32f4xx_hal_cortex.o
 *fill*         0x08000a8e        0x2 
 .text.SysTick_Config
                0x08000a90       0x44 ./Drivers/STM32F4xx_HAL_Driver/Src/stm32f4xx_hal_cortex.o
 .text.HAL_NVIC_SetPriorityGrouping
                0x08000ad4       0x16 ./Drivers/STM32F4xx_HAL_Driver/Src/stm32f4xx_hal_cortex.o
                0x08000ad4                HAL_NVIC_SetPriorityGrouping
 .text.HAL_NVIC_SetPriority
                0x08000aea       0x38 ./Drivers/STM32F4xx_HAL_Driver/Src/stm32f4xx_hal_cortex.o
                0x08000aea                HAL_NVIC_SetPriority
 .text.HAL_NVIC_EnableIRQ
                0x08000b22       0x1c ./Drivers/STM32F4xx_HAL_Driver/Src/stm32f4xx_hal_cortex.o
                0x08000b22                HAL_NVIC_EnableIRQ
 .text.HAL_SYSTICK_Config
                0x08000b3e       0x18 ./Drivers/STM32F4xx_HAL_Driver/Src/stm32f4xx_hal_cortex.o
                0x08000b3e                HAL_SYSTICK_Config
 *fill*         0x08000b56        0x2 
 .text.HAL_GPIO_Init
                0x08000b58      0x338 ./Drivers/STM32F4xx_HAL_Driver/Src/stm32f4xx_hal_gpio.o
                0x08000b58                HAL_GPIO_Init
 .text.HAL_GPIO_WritePin
                0x08000e90       0x32 ./Drivers/STM32F4xx_HAL_Driver/Src/stm32f4xx_hal_gpio.o
                0x08000e90                HAL_GPIO_WritePin
 .text.HAL_GPIO_TogglePin
                0x08000ec2       0x34 ./Drivers/STM32F4xx_HAL_Driver/Src/stm32f4xx_hal_gpio.o
                0x08000ec2                HAL_GPIO_TogglePin
 .text.HAL_PCD_Init
                0x08000ef6      0x21e ./Drivers/STM32F4xx_HAL_Driver/Src/stm32f4xx_hal_pcd.o
                0x08000ef6                HAL_PCD_Init
 .text.HAL_PCD_Start
                0x08001114       0x6a ./Drivers/STM32F4xx_HAL_Driver/Src/stm32f4xx_hal_pcd.o
                0x08001114                HAL_PCD_Start
 .text.HAL_PCD_IRQHandler
                0x0800117e      0x942 ./Drivers/STM32F4xx_HAL_Driver/Src/stm32f4xx_hal_pcd.o
                0x0800117e                HAL_PCD_IRQHandler
 .text.HAL_PCD_SetAddress
                0x08001ac0       0x48 ./Drivers/STM32F4xx_HAL_Driver/Src/stm32f4xx_hal_pcd.o
                0x08001ac0                HAL_PCD_SetAddress
 .text.HAL_PCD_EP_Open
                0x08001b08       0xd4 ./Drivers/STM32F4xx_HAL_Driver/Src/stm32f4xx_hal_pcd.o
                0x08001b08                HAL_PCD_EP_Open
 .text.HAL_PCD_EP_Close
                0x08001bdc       0x94 ./Drivers/STM32F4xx_HAL_Driver/Src/stm32f4xx_hal_pcd.o
                0x08001bdc                HAL_PCD_EP_Close
 .text.HAL_PCD_EP_Receive
                0x08001c70       0x76 ./Drivers/STM32F4xx_HAL_Driver/Src/stm32f4xx_hal_pcd.o
                0x08001c70                HAL_PCD_EP_Receive
 .text.HAL_PCD_EP_GetRxCount
                0x08001ce6       0x30 ./Drivers/STM32F4xx_HAL_Driver/Src/stm32f4xx_hal_pcd.o
                0x08001ce6                HAL_PCD_EP_GetRxCount
 .text.HAL_PCD_EP_Transmit
                0x08001d16       0x74 ./Drivers/STM32F4xx_HAL_Driver/Src/stm32f4xx_hal_pcd.o
                0x08001d16                HAL_PCD_EP_Transmit
 .text.HAL_PCD_EP_SetStall
                0x08001d8a       0xc6 ./Drivers/STM32F4xx_HAL_Driver/Src/stm32f4xx_hal_pcd.o
                0x08001d8a                HAL_PCD_EP_SetStall
 .text.HAL_PCD_EP_ClrStall
                0x08001e50       0xac ./Drivers/STM32F4xx_HAL_Driver/Src/stm32f4xx_hal_pcd.o
                0x08001e50                HAL_PCD_EP_ClrStall
 .text.HAL_PCD_EP_Abort
                0x08001efc       0x62 ./Drivers/STM32F4xx_HAL_Driver/Src/stm32f4xx_hal_pcd.o
                0x08001efc                HAL_PCD_EP_Abort
 .text.PCD_WriteEmptyTxFifo
                0x08001f5e      0x118 ./Drivers/STM32F4xx_HAL_Driver/Src/stm32f4xx_hal_pcd.o
 *fill*         0x08002076        0x2 
 .text.PCD_EP_OutXfrComplete_int
                0x08002078      0x1d0 ./Drivers/STM32F4xx_HAL_Driver/Src/stm32f4xx_hal_pcd.o
 .text.PCD_EP_OutSetupPacket_int
                0x08002248       0x8c ./Drivers/STM32F4xx_HAL_Driver/Src/stm32f4xx_hal_pcd.o
 .text.HAL_PCDEx_SetTxFiFo
                0x080022d4       0x8e ./Drivers/STM32F4xx_HAL_Driver/Src/stm32f4xx_hal_pcd_ex.o
                0x080022d4                HAL_PCDEx_SetTxFiFo
 .text.HAL_PCDEx_SetRxFiFo
                0x08002362       0x22 ./Drivers/STM32F4xx_HAL_Driver/Src/stm32f4xx_hal_pcd_ex.o
                0x08002362                HAL_PCDEx_SetRxFiFo
 .text.HAL_PCDEx_LPM_Callback
                0x08002384       0x18 ./Drivers/STM32F4xx_HAL_Driver/Src/stm32f4xx_hal_pcd_ex.o
                0x08002384                HAL_PCDEx_LPM_Callback
 .text.HAL_RCC_OscConfig
                0x0800239c      0x4f0 ./Drivers/STM32F4xx_HAL_Driver/Src/stm32f4xx_hal_rcc.o
                0x0800239c                HAL_RCC_OscConfig
 .text.HAL_RCC_ClockConfig
                0x0800288c      0x1cc ./Drivers/STM32F4xx_HAL_Driver/Src/stm32f4xx_hal_rcc.o
                0x0800288c                HAL_RCC_ClockConfig
 .text.HAL_RCC_GetSysClockFreq
                0x08002a58      0x20c ./Drivers/STM32F4xx_HAL_Driver/Src/stm32f4xx_hal_rcc.o
                0x08002a58                HAL_RCC_GetSysClockFreq
 .text.HAL_RCC_GetHCLKFreq
                0x08002c64       0x18 ./Drivers/STM32F4xx_HAL_Driver/Src/stm32f4xx_hal_rcc.o
                0x08002c64                HAL_RCC_GetHCLKFreq
 .text.USB_CoreInit
                0x08002c7c       0xc8 ./Drivers/STM32F4xx_HAL_Driver/Src/stm32f4xx_ll_usb.o
                0x08002c7c                USB_CoreInit
 .text.USB_SetTurnaroundTime
                0x08002d44      0x144 ./Drivers/STM32F4xx_HAL_Driver/Src/stm32f4xx_ll_usb.o
                0x08002d44                USB_SetTurnaroundTime
 .text.USB_EnableGlobalInt
                0x08002e88       0x22 ./Drivers/STM32F4xx_HAL_Driver/Src/stm32f4xx_ll_usb.o
                0x08002e88                USB_EnableGlobalInt
 .text.USB_DisableGlobalInt
                0x08002eaa       0x22 ./Drivers/STM32F4xx_HAL_Driver/Src/stm32f4xx_ll_usb.o
                0x08002eaa                USB_DisableGlobalInt
 .text.USB_SetCurrentMode
                0x08002ecc       0x98 ./Drivers/STM32F4xx_HAL_Driver/Src/stm32f4xx_ll_usb.o
                0x08002ecc                USB_SetCurrentMode
 .text.USB_DevInit
                0x08002f64      0x2c8 ./Drivers/STM32F4xx_HAL_Driver/Src/stm32f4xx_ll_usb.o
                0x08002f64                USB_DevInit
 .text.USB_FlushTxFifo
                0x0800322c       0x64 ./Drivers/STM32F4xx_HAL_Driver/Src/stm32f4xx_ll_usb.o
                0x0800322c                USB_FlushTxFifo
 .text.USB_FlushRxFifo
                0x08003290       0x5c ./Drivers/STM32F4xx_HAL_Driver/Src/stm32f4xx_ll_usb.o
                0x08003290                USB_FlushRxFifo
 .text.USB_SetDevSpeed
                0x080032ec       0x32 ./Drivers/STM32F4xx_HAL_Driver/Src/stm32f4xx_ll_usb.o
                0x080032ec                USB_SetDevSpeed
 .text.USB_GetDevSpeed
                0x0800331e       0x4a ./Drivers/STM32F4xx_HAL_Driver/Src/stm32f4xx_ll_usb.o
                0x0800331e                USB_GetDevSpeed
 .text.USB_ActivateEndpoint
                0x08003368      0x10e ./Drivers/STM32F4xx_HAL_Driver/Src/stm32f4xx_ll_usb.o
                0x08003368                USB_ActivateEndpoint
 *fill*         0x08003476        0x2 
 .text.USB_DeactivateEndpoint
                0x08003478      0x1b8 ./Drivers/STM32F4xx_HAL_Driver/Src/stm32f4xx_ll_usb.o
                0x08003478                USB_DeactivateEndpoint
 .text.USB_EPStartXfer
                0x08003630      0x53c ./Drivers/STM32F4xx_HAL_Driver/Src/stm32f4xx_ll_usb.o
                0x08003630                USB_EPStartXfer
 .text.USB_EPStopXfer
                0x08003b6c      0x154 ./Drivers/STM32F4xx_HAL_Driver/Src/stm32f4xx_ll_usb.o
                0x08003b6c                USB_EPStopXfer
 .text.USB_WritePacket
                0x08003cc0       0x7c ./Drivers/STM32F4xx_HAL_Driver/Src/stm32f4xx_ll_usb.o
                0x08003cc0                USB_WritePacket
 .text.USB_ReadPacket
                0x08003d3c       0xb0 ./Drivers/STM32F4xx_HAL_Driver/Src/stm32f4xx_ll_usb.o
                0x08003d3c                USB_ReadPacket
 .text.USB_EPSetStall
                0x08003dec       0xdc ./Drivers/STM32F4xx_HAL_Driver/Src/stm32f4xx_ll_usb.o
                0x08003dec                USB_EPSetStall
 .text.USB_EPClearStall
                0x08003ec8       0xcc ./Drivers/STM32F4xx_HAL_Driver/Src/stm32f4xx_ll_usb.o
                0x08003ec8                USB_EPClearStall
 .text.USB_SetDevAddress
                0x08003f94       0x4c ./Drivers/STM32F4xx_HAL_Driver/Src/stm32f4xx_ll_usb.o
                0x08003f94                USB_SetDevAddress
 .text.USB_DevConnect
                0x08003fe0       0x42 ./Drivers/STM32F4xx_HAL_Driver/Src/stm32f4xx_ll_usb.o
                0x08003fe0                USB_DevConnect
 .text.USB_DevDisconnect
                0x08004022       0x42 ./Drivers/STM32F4xx_HAL_Driver/Src/stm32f4xx_ll_usb.o
                0x08004022                USB_DevDisconnect
 .text.USB_ReadInterrupts
                0x08004064       0x26 ./Drivers/STM32F4xx_HAL_Driver/Src/stm32f4xx_ll_usb.o
                0x08004064                USB_ReadInterrupts
 .text.USB_ReadDevAllOutEpInterrupt
                0x0800408a       0x34 ./Drivers/STM32F4xx_HAL_Driver/Src/stm32f4xx_ll_usb.o
                0x0800408a                USB_ReadDevAllOutEpInterrupt
 .text.USB_ReadDevAllInEpInterrupt
                0x080040be       0x34 ./Drivers/STM32F4xx_HAL_Driver/Src/stm32f4xx_ll_usb.o
                0x080040be                USB_ReadDevAllInEpInterrupt
 .text.USB_ReadDevOutEPInterrupt
                0x080040f2       0x3c ./Drivers/STM32F4xx_HAL_Driver/Src/stm32f4xx_ll_usb.o
                0x080040f2                USB_ReadDevOutEPInterrupt
 .text.USB_ReadDevInEPInterrupt
                0x0800412e       0x5c ./Drivers/STM32F4xx_HAL_Driver/Src/stm32f4xx_ll_usb.o
                0x0800412e                USB_ReadDevInEPInterrupt
 .text.USB_GetMode
                0x0800418a       0x1c ./Drivers/STM32F4xx_HAL_Driver/Src/stm32f4xx_ll_usb.o
                0x0800418a                USB_GetMode
 .text.USB_ActivateSetup
                0x080041a6       0x46 ./Drivers/STM32F4xx_HAL_Driver/Src/stm32f4xx_ll_usb.o
                0x080041a6                USB_ActivateSetup
 .text.USB_EP0_OutStart
                0x080041ec       0xbc ./Drivers/STM32F4xx_HAL_Driver/Src/stm32f4xx_ll_usb.o
                0x080041ec                USB_EP0_OutStart
 .text.USB_CoreReset
                0x080042a8       0x62 ./Drivers/STM32F4xx_HAL_Driver/Src/stm32f4xx_ll_usb.o
 *fill*         0x0800430a        0x2 
 .text.USBD_CDC_Init
                0x0800430c      0x1f0 ./Middlewares/ST/STM32_USB_Device_Library/Class/CDC/Src/usbd_cdc.o
 .text.USBD_CDC_DeInit
                0x080044fc      0x104 ./Middlewares/ST/STM32_USB_Device_Library/Class/CDC/Src/usbd_cdc.o
 .text.USBD_CDC_Setup
                0x08004600      0x1b8 ./Middlewares/ST/STM32_USB_Device_Library/Class/CDC/Src/usbd_cdc.o
 .text.USBD_CDC_DataIn
                0x080047b8       0xfe ./Middlewares/ST/STM32_USB_Device_Library/Class/CDC/Src/usbd_cdc.o
 .text.USBD_CDC_DataOut
                0x080048b6       0x70 ./Middlewares/ST/STM32_USB_Device_Library/Class/CDC/Src/usbd_cdc.o
 .text.USBD_CDC_EP0_RxReady
                0x08004926       0x74 ./Middlewares/ST/STM32_USB_Device_Library/Class/CDC/Src/usbd_cdc.o
 *fill*         0x0800499a        0x2 
 .text.USBD_CDC_GetFSCfgDesc
                0x0800499c       0x70 ./Middlewares/ST/STM32_USB_Device_Library/Class/CDC/Src/usbd_cdc.o
 .text.USBD_CDC_GetHSCfgDesc
                0x08004a0c       0x70 ./Middlewares/ST/STM32_USB_Device_Library/Class/CDC/Src/usbd_cdc.o
 .text.USBD_CDC_GetOtherSpeedCfgDesc
                0x08004a7c       0x70 ./Middlewares/ST/STM32_USB_Device_Library/Class/CDC/Src/usbd_cdc.o
 .text.USBD_CDC_GetDeviceQualifierDescriptor
                0x08004aec       0x20 ./Middlewares/ST/STM32_USB_Device_Library/Class/CDC/Src/usbd_cdc.o
                0x08004aec                USBD_CDC_GetDeviceQualifierDescriptor
 .text.USBD_CDC_RegisterInterface
                0x08004b0c       0x34 ./Middlewares/ST/STM32_USB_Device_Library/Class/CDC/Src/usbd_cdc.o
                0x08004b0c                USBD_CDC_RegisterInterface
 .text.USBD_CDC_SetTxBuffer
                0x08004b40       0x44 ./Middlewares/ST/STM32_USB_Device_Library/Class/CDC/Src/usbd_cdc.o
                0x08004b40                USBD_CDC_SetTxBuffer
 .text.USBD_CDC_SetRxBuffer
                0x08004b84       0x3a ./Middlewares/ST/STM32_USB_Device_Library/Class/CDC/Src/usbd_cdc.o
                0x08004b84                USBD_CDC_SetRxBuffer
 *fill*         0x08004bbe        0x2 
 .text.USBD_CDC_TransmitPacket
                0x08004bc0       0x80 ./Middlewares/ST/STM32_USB_Device_Library/Class/CDC/Src/usbd_cdc.o
                0x08004bc0                USBD_CDC_TransmitPacket
 .text.USBD_CDC_ReceivePacket
                0x08004c40       0x6c ./Middlewares/ST/STM32_USB_Device_Library/Class/CDC/Src/usbd_cdc.o
                0x08004c40                USBD_CDC_ReceivePacket
 .text.USBD_Init
                0x08004cac       0x60 ./Middlewares/ST/STM32_USB_Device_Library/Core/Src/usbd_core.o
                0x08004cac                USBD_Init
 .text.USBD_RegisterClass
                0x08004d0c       0x6c ./Middlewares/ST/STM32_USB_Device_Library/Core/Src/usbd_core.o
                0x08004d0c                USBD_RegisterClass
 .text.USBD_Start
                0x08004d78       0x18 ./Middlewares/ST/STM32_USB_Device_Library/Core/Src/usbd_core.o
                0x08004d78                USBD_Start
 .text.USBD_RunTestMode
                0x08004d90       0x16 ./Middlewares/ST/STM32_USB_Device_Library/Core/Src/usbd_core.o
                0x08004d90                USBD_RunTestMode
 .text.USBD_SetClassConfig
                0x08004da6       0x38 ./Middlewares/ST/STM32_USB_Device_Library/Core/Src/usbd_core.o
                0x08004da6                USBD_SetClassConfig
 .text.USBD_ClrClassConfig
                0x08004dde       0x34 ./Middlewares/ST/STM32_USB_Device_Library/Core/Src/usbd_core.o
                0x08004dde                USBD_ClrClassConfig
 .text.USBD_LL_SetupStage
                0x08004e12       0xaa ./Middlewares/ST/STM32_USB_Device_Library/Core/Src/usbd_core.o
                0x08004e12                USBD_LL_SetupStage
 .text.USBD_LL_DataOutStage
                0x08004ebc      0x166 ./Middlewares/ST/STM32_USB_Device_Library/Core/Src/usbd_core.o
                0x08004ebc                USBD_LL_DataOutStage
 .text.USBD_LL_DataInStage
                0x08005022      0x164 ./Middlewares/ST/STM32_USB_Device_Library/Core/Src/usbd_core.o
                0x08005022                USBD_LL_DataInStage
 .text.USBD_LL_Reset
                0x08005186       0xa4 ./Middlewares/ST/STM32_USB_Device_Library/Core/Src/usbd_core.o
                0x08005186                USBD_LL_Reset
 .text.USBD_LL_SetSpeed
                0x0800522a       0x20 ./Middlewares/ST/STM32_USB_Device_Library/Core/Src/usbd_core.o
                0x0800522a                USBD_LL_SetSpeed
 .text.USBD_LL_Suspend
                0x0800524a       0x38 ./Middlewares/ST/STM32_USB_Device_Library/Core/Src/usbd_core.o
                0x0800524a                USBD_LL_Suspend
 .text.USBD_LL_Resume
                0x08005282       0x30 ./Middlewares/ST/STM32_USB_Device_Library/Core/Src/usbd_core.o
                0x08005282                USBD_LL_Resume
 .text.USBD_LL_SOF
                0x080052b2       0x40 ./Middlewares/ST/STM32_USB_Device_Library/Core/Src/usbd_core.o
                0x080052b2                USBD_LL_SOF
 .text.USBD_LL_IsoINIncomplete
                0x080052f2       0x64 ./Middlewares/ST/STM32_USB_Device_Library/Core/Src/usbd_core.o
                0x080052f2                USBD_LL_IsoINIncomplete
 .text.USBD_LL_IsoOUTIncomplete
                0x08005356       0x64 ./Middlewares/ST/STM32_USB_Device_Library/Core/Src/usbd_core.o
                0x08005356                USBD_LL_IsoOUTIncomplete
 .text.USBD_LL_DevConnected
                0x080053ba       0x16 ./Middlewares/ST/STM32_USB_Device_Library/Core/Src/usbd_core.o
                0x080053ba                USBD_LL_DevConnected
 .text.USBD_LL_DevDisconnected
                0x080053d0       0x46 ./Middlewares/ST/STM32_USB_Device_Library/Core/Src/usbd_core.o
                0x080053d0                USBD_LL_DevDisconnected
 .text.USBD_CoreFindIF
                0x08005416       0x1a ./Middlewares/ST/STM32_USB_Device_Library/Core/Src/usbd_core.o
                0x08005416                USBD_CoreFindIF
 .text.USBD_CoreFindEP
                0x08005430       0x1a ./Middlewares/ST/STM32_USB_Device_Library/Core/Src/usbd_core.o
                0x08005430                USBD_CoreFindEP
 .text.USBD_GetEpDesc
                0x0800544a       0x70 ./Middlewares/ST/STM32_USB_Device_Library/Core/Src/usbd_core.o
                0x0800544a                USBD_GetEpDesc
 .text.USBD_GetNextDesc
                0x080054ba       0x38 ./Middlewares/ST/STM32_USB_Device_Library/Core/Src/usbd_core.o
                0x080054ba                USBD_GetNextDesc
 .text.SWAPBYTE
                0x080054f2       0x3c ./Middlewares/ST/STM32_USB_Device_Library/Core/Src/usbd_ctlreq.o
 *fill*         0x0800552e        0x2 
 .text.USBD_StdDevReq
                0x08005530       0xe4 ./Middlewares/ST/STM32_USB_Device_Library/Core/Src/usbd_ctlreq.o
                0x08005530                USBD_StdDevReq
 .text.USBD_StdItfReq
                0x08005614       0xd8 ./Middlewares/ST/STM32_USB_Device_Library/Core/Src/usbd_ctlreq.o
                0x08005614                USBD_StdItfReq
 .text.USBD_StdEPReq
                0x080056ec      0x33a ./Middlewares/ST/STM32_USB_Device_Library/Core/Src/usbd_ctlreq.o
                0x080056ec                USBD_StdEPReq
 *fill*         0x08005a26        0x2 
 .text.USBD_GetDescriptor
                0x08005a28      0x2d4 ./Middlewares/ST/STM32_USB_Device_Library/Core/Src/usbd_ctlreq.o
 .text.USBD_SetAddress
                0x08005cfc       0x88 ./Middlewares/ST/STM32_USB_Device_Library/Core/Src/usbd_ctlreq.o
 .text.USBD_SetConfig
                0x08005d84      0x154 ./Middlewares/ST/STM32_USB_Device_Library/Core/Src/usbd_ctlreq.o
 .text.USBD_GetConfig
                0x08005ed8       0x6c ./Middlewares/ST/STM32_USB_Device_Library/Core/Src/usbd_ctlreq.o
 .text.USBD_GetStatus
                0x08005f44       0x68 ./Middlewares/ST/STM32_USB_Device_Library/Core/Src/usbd_ctlreq.o
 .text.USBD_SetFeature
                0x08005fac       0x52 ./Middlewares/ST/STM32_USB_Device_Library/Core/Src/usbd_ctlreq.o
 .text.USBD_ClrFeature
                0x08005ffe       0x44 ./Middlewares/ST/STM32_USB_Device_Library/Core/Src/usbd_ctlreq.o
 .text.USBD_ParseSetupRequest
                0x08006042       0x74 ./Middlewares/ST/STM32_USB_Device_Library/Core/Src/usbd_ctlreq.o
                0x08006042                USBD_ParseSetupRequest
 .text.USBD_CtlError
                0x080060b6       0x22 ./Middlewares/ST/STM32_USB_Device_Library/Core/Src/usbd_ctlreq.o
                0x080060b6                USBD_CtlError
 .text.USBD_GetString
                0x080060d8       0xa4 ./Middlewares/ST/STM32_USB_Device_Library/Core/Src/usbd_ctlreq.o
                0x080060d8                USBD_GetString
 .text.USBD_GetLen
                0x0800617c       0x34 ./Middlewares/ST/STM32_USB_Device_Library/Core/Src/usbd_ctlreq.o
 .text.USBD_CtlSendData
                0x080061b0       0x36 ./Middlewares/ST/STM32_USB_Device_Library/Core/Src/usbd_ioreq.o
                0x080061b0                USBD_CtlSendData
 .text.USBD_CtlContinueSendData
                0x080061e6       0x22 ./Middlewares/ST/STM32_USB_Device_Library/Core/Src/usbd_ioreq.o
                0x080061e6                USBD_CtlContinueSendData
 .text.USBD_CtlPrepareRx
                0x08006208       0x3a ./Middlewares/ST/STM32_USB_Device_Library/Core/Src/usbd_ioreq.o
                0x08006208                USBD_CtlPrepareRx
 .text.USBD_CtlContinueRx
                0x08006242       0x22 ./Middlewares/ST/STM32_USB_Device_Library/Core/Src/usbd_ioreq.o
                0x08006242                USBD_CtlContinueRx
 .text.USBD_CtlSendStatus
                0x08006264       0x26 ./Middlewares/ST/STM32_USB_Device_Library/Core/Src/usbd_ioreq.o
                0x08006264                USBD_CtlSendStatus
 .text.USBD_CtlReceiveStatus
                0x0800628a       0x26 ./Middlewares/ST/STM32_USB_Device_Library/Core/Src/usbd_ioreq.o
                0x0800628a                USBD_CtlReceiveStatus
 .text.MX_USB_DEVICE_Init
                0x080062b0       0x60 ./USB_DEVICE/App/usb_device.o
                0x080062b0                MX_USB_DEVICE_Init
 .text.CDC_Init_FS
                0x08006310       0x28 ./USB_DEVICE/App/usbd_cdc_if.o
 .text.CDC_DeInit_FS
                0x08006338       0x10 ./USB_DEVICE/App/usbd_cdc_if.o
 .text.CDC_Control_FS
                0x08006348      0x10c ./USB_DEVICE/App/usbd_cdc_if.o
 .text.CDC_Receive_FS
                0x08006454       0x44 ./USB_DEVICE/App/usbd_cdc_if.o
 .text.CDC_Transmit_FS
                0x08006498       0x4c ./USB_DEVICE/App/usbd_cdc_if.o
                0x08006498                CDC_Transmit_FS
 .text.CDC_TransmitCplt_FS
                0x080064e4       0x22 ./USB_DEVICE/App/usbd_cdc_if.o
 *fill*         0x08006506        0x2 
 .text.USBD_FS_DeviceDescriptor
                0x08006508       0x24 ./USB_DEVICE/App/usbd_desc.o
                0x08006508                USBD_FS_DeviceDescriptor
 .text.USBD_FS_LangIDStrDescriptor
                0x0800652c       0x24 ./USB_DEVICE/App/usbd_desc.o
                0x0800652c                USBD_FS_LangIDStrDescriptor
 .text.USBD_FS_ProductStrDescriptor
                0x08006550       0x3c ./USB_DEVICE/App/usbd_desc.o
                0x08006550                USBD_FS_ProductStrDescriptor
 .text.USBD_FS_ManufacturerStrDescriptor
                0x0800658c       0x28 ./USB_DEVICE/App/usbd_desc.o
                0x0800658c                USBD_FS_ManufacturerStrDescriptor
 .text.USBD_FS_SerialStrDescriptor
                0x080065b4       0x24 ./USB_DEVICE/App/usbd_desc.o
                0x080065b4                USBD_FS_SerialStrDescriptor
 .text.USBD_FS_ConfigStrDescriptor
                0x080065d8       0x3c ./USB_DEVICE/App/usbd_desc.o
                0x080065d8                USBD_FS_ConfigStrDescriptor
 .text.USBD_FS_InterfaceStrDescriptor
                0x08006614       0x3c ./USB_DEVICE/App/usbd_desc.o
                0x08006614                USBD_FS_InterfaceStrDescriptor
 .text.Get_SerialNum
                0x08006650       0x58 ./USB_DEVICE/App/usbd_desc.o
 .text.IntToUnicode
                0x080066a8       0x7e ./USB_DEVICE/App/usbd_desc.o
 *fill*         0x08006726        0x2 
 .text.HAL_PCD_MspInit
                0x08006728       0xa8 ./USB_DEVICE/Target/usbd_conf.o
                0x08006728                HAL_PCD_MspInit
 .text.HAL_PCD_SetupStageCallback
                0x080067d0       0x24 ./USB_DEVICE/Target/usbd_conf.o
                0x080067d0                HAL_PCD_SetupStageCallback
 .text.HAL_PCD_DataOutStageCallback
                0x080067f4       0x36 ./USB_DEVICE/Target/usbd_conf.o
                0x080067f4                HAL_PCD_DataOutStageCallback
 .text.HAL_PCD_DataInStageCallback
                0x0800682a       0x34 ./USB_DEVICE/Target/usbd_conf.o
                0x0800682a                HAL_PCD_DataInStageCallback
 .text.HAL_PCD_SOFCallback
                0x0800685e       0x1c ./USB_DEVICE/Target/usbd_conf.o
                0x0800685e                HAL_PCD_SOFCallback
 .text.HAL_PCD_ResetCallback
                0x0800687a       0x50 ./USB_DEVICE/Target/usbd_conf.o
                0x0800687a                HAL_PCD_ResetCallback
 *fill*         0x080068ca        0x2 
 .text.HAL_PCD_SuspendCallback
                0x080068cc       0x4c ./USB_DEVICE/Target/usbd_conf.o
                0x080068cc                HAL_PCD_SuspendCallback
 .text.HAL_PCD_ResumeCallback
                0x08006918       0x1c ./USB_DEVICE/Target/usbd_conf.o
                0x08006918                HAL_PCD_ResumeCallback
 .text.HAL_PCD_ISOOUTIncompleteCallback
                0x08006934       0x24 ./USB_DEVICE/Target/usbd_conf.o
                0x08006934                HAL_PCD_ISOOUTIncompleteCallback
 .text.HAL_PCD_ISOINIncompleteCallback
                0x08006958       0x24 ./USB_DEVICE/Target/usbd_conf.o
                0x08006958                HAL_PCD_ISOINIncompleteCallback
 .text.HAL_PCD_ConnectCallback
                0x0800697c       0x1c ./USB_DEVICE/Target/usbd_conf.o
                0x0800697c                HAL_PCD_ConnectCallback
 .text.HAL_PCD_DisconnectCallback
                0x08006998       0x1c ./USB_DEVICE/Target/usbd_conf.o
                0x08006998                HAL_PCD_DisconnectCallback
 .text.USBD_LL_Init
                0x080069b4       0x98 ./USB_DEVICE/Target/usbd_conf.o
                0x080069b4                USBD_LL_Init
 .text.USBD_LL_Start
                0x08006a4c       0x36 ./USB_DEVICE/Target/usbd_conf.o
                0x08006a4c                USBD_LL_Start
 .text.USBD_LL_OpenEP
                0x08006a82       0x4c ./USB_DEVICE/Target/usbd_conf.o
                0x08006a82                USBD_LL_OpenEP
 .text.USBD_LL_CloseEP
                0x08006ace       0x3e ./USB_DEVICE/Target/usbd_conf.o
                0x08006ace                USBD_LL_CloseEP
 .text.USBD_LL_StallEP
                0x08006b0c       0x3e ./USB_DEVICE/Target/usbd_conf.o
                0x08006b0c                USBD_LL_StallEP
 .text.USBD_LL_ClearStallEP
                0x08006b4a       0x3e ./USB_DEVICE/Target/usbd_conf.o
                0x08006b4a                USBD_LL_ClearStallEP
 .text.USBD_LL_IsStallEP
                0x08006b88       0x58 ./USB_DEVICE/Target/usbd_conf.o
                0x08006b88                USBD_LL_IsStallEP
 .text.USBD_LL_SetUSBAddress
                0x08006be0       0x3e ./USB_DEVICE/Target/usbd_conf.o
                0x08006be0                USBD_LL_SetUSBAddress
 .text.USBD_LL_Transmit
                0x08006c1e       0x42 ./USB_DEVICE/Target/usbd_conf.o
                0x08006c1e                USBD_LL_Transmit
 .text.USBD_LL_PrepareReceive
                0x08006c60       0x42 ./USB_DEVICE/Target/usbd_conf.o
                0x08006c60                USBD_LL_PrepareReceive
 .text.USBD_LL_GetRxDataSize
                0x08006ca2       0x26 ./USB_DEVICE/Target/usbd_conf.o
                0x08006ca2                USBD_LL_GetRxDataSize
 .text.USBD_static_malloc
                0x08006cc8       0x1c ./USB_DEVICE/Target/usbd_conf.o
                0x08006cc8                USBD_static_malloc
 .text.USBD_static_free
                0x08006ce4       0x14 ./USB_DEVICE/Target/usbd_conf.o
                0x08006ce4                USBD_static_free
 .text.USBD_Get_USB_Status
                0x08006cf8       0x58 ./USB_DEVICE/Target/usbd_conf.o
                0x08006cf8                USBD_Get_USB_Status
 .text.memset   0x08006d50       0x10 D:/stm32ide/STM32CubeIDE_1.17.0/STM32CubeIDE/plugins/com.st.stm32cube.ide.mcu.externaltools.gnu-tools-for-stm32.12.3.rel1.win32_1.1.0.202410251130/tools/bin/../lib/gcc/arm-none-eabi/12.3.1/../../../../arm-none-eabi/lib/thumb/v7e-m+fp/hard\libc_nano.a(libc_a-memset.o)
                0x08006d50                memset
 .text.__libc_init_array
                0x08006d60       0x48 D:/stm32ide/STM32CubeIDE_1.17.0/STM32CubeIDE/plugins/com.st.stm32cube.ide.mcu.externaltools.gnu-tools-for-stm32.12.3.rel1.win32_1.1.0.202410251130/tools/bin/../lib/gcc/arm-none-eabi/12.3.1/../../../../arm-none-eabi/lib/thumb/v7e-m+fp/hard\libc_nano.a(libc_a-init.o)
                0x08006d60                __libc_init_array
 *(.glue_7)
 .glue_7        0x08006da8        0x0 linker stubs
 *(.glue_7t)
 .glue_7t       0x08006da8        0x0 linker stubs
 *(.eh_frame)
 .eh_frame      0x08006da8        0x0 D:/stm32ide/STM32CubeIDE_1.17.0/STM32CubeIDE/plugins/com.st.stm32cube.ide.mcu.externaltools.gnu-tools-for-stm32.12.3.rel1.win32_1.1.0.202410251130/tools/bin/../lib/gcc/arm-none-eabi/12.3.1/thumb/v7e-m+fp/hard/crtbegin.o
 *(.init)
 .init          0x08006da8        0x4 D:/stm32ide/STM32CubeIDE_1.17.0/STM32CubeIDE/plugins/com.st.stm32cube.ide.mcu.externaltools.gnu-tools-for-stm32.12.3.rel1.win32_1.1.0.202410251130/tools/bin/../lib/gcc/arm-none-eabi/12.3.1/thumb/v7e-m+fp/hard/crti.o
                0x08006da8                _init
 .init          0x08006dac        0x8 D:/stm32ide/STM32CubeIDE_1.17.0/STM32CubeIDE/plugins/com.st.stm32cube.ide.mcu.externaltools.gnu-tools-for-stm32.12.3.rel1.win32_1.1.0.202410251130/tools/bin/../lib/gcc/arm-none-eabi/12.3.1/thumb/v7e-m+fp/hard/crtn.o
 *(.fini)
 .fini          0x08006db4        0x4 D:/stm32ide/STM32CubeIDE_1.17.0/STM32CubeIDE/plugins/com.st.stm32cube.ide.mcu.externaltools.gnu-tools-for-stm32.12.3.rel1.win32_1.1.0.202410251130/tools/bin/../lib/gcc/arm-none-eabi/12.3.1/thumb/v7e-m+fp/hard/crti.o
                0x08006db4                _fini
 .fini          0x08006db8        0x8 D:/stm32ide/STM32CubeIDE_1.17.0/STM32CubeIDE/plugins/com.st.stm32cube.ide.mcu.externaltools.gnu-tools-for-stm32.12.3.rel1.win32_1.1.0.202410251130/tools/bin/../lib/gcc/arm-none-eabi/12.3.1/thumb/v7e-m+fp/hard/crtn.o
                0x08006dc0                        . = ALIGN (0x4)
                0x08006dc0                        _etext = .

.vfp11_veneer   0x08006dc0        0x0
 .vfp11_veneer  0x08006dc0        0x0 linker stubs

.v4_bx          0x08006dc0        0x0
 .v4_bx         0x08006dc0        0x0 linker stubs

.iplt           0x08006dc0        0x0
 .iplt          0x08006dc0        0x0 D:/stm32ide/STM32CubeIDE_1.17.0/STM32CubeIDE/plugins/com.st.stm32cube.ide.mcu.externaltools.gnu-tools-for-stm32.12.3.rel1.win32_1.1.0.202410251130/tools/bin/../lib/gcc/arm-none-eabi/12.3.1/thumb/v7e-m+fp/hard/crtbegin.o

.rodata         0x08006dc0       0x64
                0x08006dc0                        . = ALIGN (0x4)
 *(.rodata)
 .rodata        0x08006dc0        0x9 ./Core/Src/main.o
 *fill*         0x08006dc9        0x3 
 .rodata        0x08006dcc       0x46 ./USB_DEVICE/App/usbd_desc.o
 *(.rodata*)
 *fill*         0x08006e12        0x2 
 .rodata.AHBPrescTable
                0x08006e14       0x10 ./Core/Src/system_stm32f4xx.o
                0x08006e14                AHBPrescTable
                0x08006e24                        . = ALIGN (0x4)

.ARM.extab      0x08006e24        0x0
                0x08006e24                        . = ALIGN (0x4)
 *(.ARM.extab* .gnu.linkonce.armextab.*)
                0x08006e24                        . = ALIGN (0x4)

.ARM            0x08006e24        0x8
                0x08006e24                        . = ALIGN (0x4)
                0x08006e24                        __exidx_start = .
 *(.ARM.exidx*)
 .ARM.exidx     0x08006e24        0x8 D:/stm32ide/STM32CubeIDE_1.17.0/STM32CubeIDE/plugins/com.st.stm32cube.ide.mcu.externaltools.gnu-tools-for-stm32.12.3.rel1.win32_1.1.0.202410251130/tools/bin/../lib/gcc/arm-none-eabi/12.3.1/../../../../arm-none-eabi/lib/thumb/v7e-m+fp/hard\libc_nano.a(libc_a-strlen.o)
 .ARM.exidx     0x08006e2c        0x0 D:/stm32ide/STM32CubeIDE_1.17.0/STM32CubeIDE/plugins/com.st.stm32cube.ide.mcu.externaltools.gnu-tools-for-stm32.12.3.rel1.win32_1.1.0.202410251130/tools/bin/../lib/gcc/arm-none-eabi/12.3.1/thumb/v7e-m+fp/hard\libgcc.a(_udivmoddi4.o)
                                  0x8 (size before relaxing)
                0x08006e2c                        __exidx_end = .
                0x08006e2c                        . = ALIGN (0x4)

.preinit_array  0x08006e2c        0x0
                0x08006e2c                        . = ALIGN (0x4)
                0x08006e2c                        PROVIDE (__preinit_array_start = .)
 *(.preinit_array*)
                0x08006e2c                        PROVIDE (__preinit_array_end = .)
                0x08006e2c                        . = ALIGN (0x4)

.init_array     0x08006e2c        0x4
                0x08006e2c                        . = ALIGN (0x4)
                0x08006e2c                        PROVIDE (__init_array_start = .)
 *(SORT_BY_NAME(.init_array.*))
 *(.init_array*)
 .init_array    0x08006e2c        0x4 D:/stm32ide/STM32CubeIDE_1.17.0/STM32CubeIDE/plugins/com.st.stm32cube.ide.mcu.externaltools.gnu-tools-for-stm32.12.3.rel1.win32_1.1.0.202410251130/tools/bin/../lib/gcc/arm-none-eabi/12.3.1/thumb/v7e-m+fp/hard/crtbegin.o
                0x08006e30                        PROVIDE (__init_array_end = .)
                0x08006e30                        . = ALIGN (0x4)

.fini_array     0x08006e30        0x4
                0x08006e30                        . = ALIGN (0x4)
                [!provide]                        PROVIDE (__fini_array_start = .)
 *(SORT_BY_NAME(.fini_array.*))
 *(.fini_array*)
 .fini_array    0x08006e30        0x4 D:/stm32ide/STM32CubeIDE_1.17.0/STM32CubeIDE/plugins/com.st.stm32cube.ide.mcu.externaltools.gnu-tools-for-stm32.12.3.rel1.win32_1.1.0.202410251130/tools/bin/../lib/gcc/arm-none-eabi/12.3.1/thumb/v7e-m+fp/hard/crtbegin.o
                [!provide]                        PROVIDE (__fini_array_end = .)
                0x08006e34                        . = ALIGN (0x4)
                0x08006e34                        _sidata = LOADADDR (.data)

.rel.dyn        0x08006e34        0x0
 .rel.iplt      0x08006e34        0x0 D:/stm32ide/STM32CubeIDE_1.17.0/STM32CubeIDE/plugins/com.st.stm32cube.ide.mcu.externaltools.gnu-tools-for-stm32.12.3.rel1.win32_1.1.0.202410251130/tools/bin/../lib/gcc/arm-none-eabi/12.3.1/thumb/v7e-m+fp/hard/crtbegin.o

.data           0x20000000      0x100 load address 0x08006e34
                0x20000000                        . = ALIGN (0x4)
                0x20000000                        _sdata = .
 *(.data)
 *(.data*)
 .data.data     0x20000000        0x4 ./Core/Src/main.o
                0x20000000                data
 .data.SystemCoreClock
                0x20000004        0x4 ./Core/Src/system_stm32f4xx.o
                0x20000004                SystemCoreClock
 .data.uwTickPrio
                0x20000008        0x4 ./Drivers/STM32F4xx_HAL_Driver/Src/stm32f4xx_hal.o
                0x20000008                uwTickPrio
 .data.uwTickFreq
                0x2000000c        0x1 ./Drivers/STM32F4xx_HAL_Driver/Src/stm32f4xx_hal.o
                0x2000000c                uwTickFreq
 *fill*         0x2000000d        0x3 
 .data.USBD_CDC_DeviceQualifierDesc
                0x20000010        0xa ./Middlewares/ST/STM32_USB_Device_Library/Class/CDC/Src/usbd_cdc.o
 *fill*         0x2000001a        0x2 
 .data.USBD_CDC
                0x2000001c       0x38 ./Middlewares/ST/STM32_USB_Device_Library/Class/CDC/Src/usbd_cdc.o
                0x2000001c                USBD_CDC
 .data.USBD_CDC_CfgDesc
                0x20000054       0x43 ./Middlewares/ST/STM32_USB_Device_Library/Class/CDC/Src/usbd_cdc.o
 .data.CDCInEpAdd
                0x20000097        0x1 ./Middlewares/ST/STM32_USB_Device_Library/Class/CDC/Src/usbd_cdc.o
 .data.CDCOutEpAdd
                0x20000098        0x1 ./Middlewares/ST/STM32_USB_Device_Library/Class/CDC/Src/usbd_cdc.o
 .data.CDCCmdEpAdd
                0x20000099        0x1 ./Middlewares/ST/STM32_USB_Device_Library/Class/CDC/Src/usbd_cdc.o
 *fill*         0x2000009a        0x2 
 .data.USBD_Interface_fops_FS
                0x2000009c       0x14 ./USB_DEVICE/App/usbd_cdc_if.o
                0x2000009c                USBD_Interface_fops_FS
 .data.FS_Desc  0x200000b0       0x1c ./USB_DEVICE/App/usbd_desc.o
                0x200000b0                FS_Desc
 .data.USBD_FS_DeviceDesc
                0x200000cc       0x12 ./USB_DEVICE/App/usbd_desc.o
                0x200000cc                USBD_FS_DeviceDesc
 *fill*         0x200000de        0x2 
 .data.USBD_LangIDDesc
                0x200000e0        0x4 ./USB_DEVICE/App/usbd_desc.o
                0x200000e0                USBD_LangIDDesc
 .data.USBD_StringSerial
                0x200000e4       0x1a ./USB_DEVICE/App/usbd_desc.o
                0x200000e4                USBD_StringSerial
 *(.RamFunc)
 *(.RamFunc*)
                0x20000100                        . = ALIGN (0x4)
 *fill*         0x200000fe        0x2 
                0x20000100                        _edata = .
                0x08006f34                        _siccmram = LOADADDR (.ccmram)

.igot.plt       0x20000100        0x0 load address 0x08006f34
 .igot.plt      0x20000100        0x0 D:/stm32ide/STM32CubeIDE_1.17.0/STM32CubeIDE/plugins/com.st.stm32cube.ide.mcu.externaltools.gnu-tools-for-stm32.12.3.rel1.win32_1.1.0.202410251130/tools/bin/../lib/gcc/arm-none-eabi/12.3.1/thumb/v7e-m+fp/hard/crtbegin.o

.ccmram         0x10000000        0x0 load address 0x08006f34
                0x10000000                        . = ALIGN (0x4)
                0x10000000                        _sccmram = .
 *(.ccmram)
 *(.ccmram*)
                0x10000000                        . = ALIGN (0x4)
                0x10000000                        _eccmram = .
                0x10000000                        . = ALIGN (0x4)

.bss            0x20000100     0x1c14
                0x20000100                        _sbss = .
                0x20000100                        __bss_start__ = _sbss
 *(.bss)
 .bss           0x20000100       0x1c D:/stm32ide/STM32CubeIDE_1.17.0/STM32CubeIDE/plugins/com.st.stm32cube.ide.mcu.externaltools.gnu-tools-for-stm32.12.3.rel1.win32_1.1.0.202410251130/tools/bin/../lib/gcc/arm-none-eabi/12.3.1/thumb/v7e-m+fp/hard/crtbegin.o
 *(.bss*)
 .bss.buffer    0x2000011c        0x1 ./Core/Src/main.o
                0x2000011c                buffer
 *fill*         0x2000011d        0x3 
 .bss.flag      0x20000120        0x4 ./Core/Src/main.o
                0x20000120                flag
 .bss.uwTick    0x20000124        0x4 ./Drivers/STM32F4xx_HAL_Driver/Src/stm32f4xx_hal.o
                0x20000124                uwTick
 .bss.cfgidx.0  0x20000128        0x1 ./Middlewares/ST/STM32_USB_Device_Library/Core/Src/usbd_ctlreq.o
 *fill*         0x20000129        0x3 
 .bss.hUsbDeviceFS
                0x2000012c      0x2dc ./USB_DEVICE/App/usb_device.o
                0x2000012c                hUsbDeviceFS
 .bss.UserRxBufferFS
                0x20000408      0x800 ./USB_DEVICE/App/usbd_cdc_if.o
                0x20000408                UserRxBufferFS
 .bss.UserTxBufferFS
                0x20000c08      0x800 ./USB_DEVICE/App/usbd_cdc_if.o
                0x20000c08                UserTxBufferFS
 .bss.Buffer    0x20001408        0x7 ./USB_DEVICE/App/usbd_cdc_if.o
                0x20001408                Buffer
 *fill*         0x2000140f        0x1 
 .bss.USBD_StrDesc
                0x20001410      0x200 ./USB_DEVICE/App/usbd_desc.o
                0x20001410                USBD_StrDesc
 .bss.hpcd_USB_OTG_FS
                0x20001610      0x4e4 ./USB_DEVICE/Target/usbd_conf.o
                0x20001610                hpcd_USB_OTG_FS
 .bss.mem.0     0x20001af4      0x220 ./USB_DEVICE/Target/usbd_conf.o
 *(COMMON)
                0x20001d14                        . = ALIGN (0x4)
                0x20001d14                        _ebss = .
                0x20001d14                        __bss_end__ = _ebss

._user_heap_stack
                0x20001d14      0x604
                0x20001d18                        . = ALIGN (0x8)
 *fill*         0x20001d14        0x4 
                [!provide]                        PROVIDE (end = .)
                0x20001d18                        PROVIDE (_end = .)
                0x20001f18                        . = (. + _Min_Heap_Size)
 *fill*         0x20001d18      0x200 
                0x20002318                        . = (. + _Min_Stack_Size)
 *fill*         0x20001f18      0x400 
                0x20002318                        . = ALIGN (0x8)

/DISCARD/
 libc.a(*)
 libm.a(*)
 libgcc.a(*)

.ARM.attributes
                0x00000000       0x30
 *(.ARM.attributes)
 .ARM.attributes
                0x00000000       0x22 D:/stm32ide/STM32CubeIDE_1.17.0/STM32CubeIDE/plugins/com.st.stm32cube.ide.mcu.externaltools.gnu-tools-for-stm32.12.3.rel1.win32_1.1.0.202410251130/tools/bin/../lib/gcc/arm-none-eabi/12.3.1/thumb/v7e-m+fp/hard/crti.o
 .ARM.attributes
                0x00000022       0x34 D:/stm32ide/STM32CubeIDE_1.17.0/STM32CubeIDE/plugins/com.st.stm32cube.ide.mcu.externaltools.gnu-tools-for-stm32.12.3.rel1.win32_1.1.0.202410251130/tools/bin/../lib/gcc/arm-none-eabi/12.3.1/thumb/v7e-m+fp/hard/crtbegin.o
 .ARM.attributes
                0x00000056       0x34 ./Core/Src/main.o
 .ARM.attributes
                0x0000008a       0x34 ./Core/Src/stm32f4xx_hal_msp.o
 .ARM.attributes
                0x000000be       0x34 ./Core/Src/stm32f4xx_it.o
 .ARM.attributes
                0x000000f2       0x34 ./Core/Src/system_stm32f4xx.o
 .ARM.attributes
                0x00000126       0x21 ./Core/Startup/startup_stm32f407vgtx.o
 .ARM.attributes
                0x00000147       0x34 ./Drivers/STM32F4xx_HAL_Driver/Src/stm32f4xx_hal.o
 .ARM.attributes
                0x0000017b       0x34 ./Drivers/STM32F4xx_HAL_Driver/Src/stm32f4xx_hal_cortex.o
 .ARM.attributes
                0x000001af       0x34 ./Drivers/STM32F4xx_HAL_Driver/Src/stm32f4xx_hal_gpio.o
 .ARM.attributes
                0x000001e3       0x34 ./Drivers/STM32F4xx_HAL_Driver/Src/stm32f4xx_hal_pcd.o
 .ARM.attributes
                0x00000217       0x34 ./Drivers/STM32F4xx_HAL_Driver/Src/stm32f4xx_hal_pcd_ex.o
 .ARM.attributes
                0x0000024b       0x34 ./Drivers/STM32F4xx_HAL_Driver/Src/stm32f4xx_hal_rcc.o
 .ARM.attributes
                0x0000027f       0x34 ./Drivers/STM32F4xx_HAL_Driver/Src/stm32f4xx_ll_usb.o
 .ARM.attributes
                0x000002b3       0x34 ./Middlewares/ST/STM32_USB_Device_Library/Class/CDC/Src/usbd_cdc.o
 .ARM.attributes
                0x000002e7       0x34 ./Middlewares/ST/STM32_USB_Device_Library/Core/Src/usbd_core.o
 .ARM.attributes
                0x0000031b       0x34 ./Middlewares/ST/STM32_USB_Device_Library/Core/Src/usbd_ctlreq.o
 .ARM.attributes
                0x0000034f       0x34 ./Middlewares/ST/STM32_USB_Device_Library/Core/Src/usbd_ioreq.o
 .ARM.attributes
                0x00000383       0x34 ./USB_DEVICE/App/usb_device.o
 .ARM.attributes
                0x000003b7       0x34 ./USB_DEVICE/App/usbd_cdc_if.o
 .ARM.attributes
                0x000003eb       0x34 ./USB_DEVICE/App/usbd_desc.o
 .ARM.attributes
                0x0000041f       0x34 ./USB_DEVICE/Target/usbd_conf.o
 .ARM.attributes
                0x00000453       0x34 D:/stm32ide/STM32CubeIDE_1.17.0/STM32CubeIDE/plugins/com.st.stm32cube.ide.mcu.externaltools.gnu-tools-for-stm32.12.3.rel1.win32_1.1.0.202410251130/tools/bin/../lib/gcc/arm-none-eabi/12.3.1/../../../../arm-none-eabi/lib/thumb/v7e-m+fp/hard\libc_nano.a(libc_a-memset.o)
 .ARM.attributes
                0x00000487       0x34 D:/stm32ide/STM32CubeIDE_1.17.0/STM32CubeIDE/plugins/com.st.stm32cube.ide.mcu.externaltools.gnu-tools-for-stm32.12.3.rel1.win32_1.1.0.202410251130/tools/bin/../lib/gcc/arm-none-eabi/12.3.1/../../../../arm-none-eabi/lib/thumb/v7e-m+fp/hard\libc_nano.a(libc_a-init.o)
 .ARM.attributes
                0x000004bb       0x17 D:/stm32ide/STM32CubeIDE_1.17.0/STM32CubeIDE/plugins/com.st.stm32cube.ide.mcu.externaltools.gnu-tools-for-stm32.12.3.rel1.win32_1.1.0.202410251130/tools/bin/../lib/gcc/arm-none-eabi/12.3.1/../../../../arm-none-eabi/lib/thumb/v7e-m+fp/hard\libc_nano.a(libc_a-strlen.o)
 .ARM.attributes
                0x000004d2       0x22 D:/stm32ide/STM32CubeIDE_1.17.0/STM32CubeIDE/plugins/com.st.stm32cube.ide.mcu.externaltools.gnu-tools-for-stm32.12.3.rel1.win32_1.1.0.202410251130/tools/bin/../lib/gcc/arm-none-eabi/12.3.1/thumb/v7e-m+fp/hard\libgcc.a(_aeabi_uldivmod.o)
 .ARM.attributes
                0x000004f4       0x34 D:/stm32ide/STM32CubeIDE_1.17.0/STM32CubeIDE/plugins/com.st.stm32cube.ide.mcu.externaltools.gnu-tools-for-stm32.12.3.rel1.win32_1.1.0.202410251130/tools/bin/../lib/gcc/arm-none-eabi/12.3.1/thumb/v7e-m+fp/hard\libgcc.a(_udivmoddi4.o)
 .ARM.attributes
                0x00000528       0x22 D:/stm32ide/STM32CubeIDE_1.17.0/STM32CubeIDE/plugins/com.st.stm32cube.ide.mcu.externaltools.gnu-tools-for-stm32.12.3.rel1.win32_1.1.0.202410251130/tools/bin/../lib/gcc/arm-none-eabi/12.3.1/thumb/v7e-m+fp/hard\libgcc.a(_dvmd_tls.o)
 .ARM.attributes
                0x0000054a       0x22 D:/stm32ide/STM32CubeIDE_1.17.0/STM32CubeIDE/plugins/com.st.stm32cube.ide.mcu.externaltools.gnu-tools-for-stm32.12.3.rel1.win32_1.1.0.202410251130/tools/bin/../lib/gcc/arm-none-eabi/12.3.1/thumb/v7e-m+fp/hard/crtn.o
OUTPUT(usb_cdc_uart.elf elf32-littlearm)
LOAD linker stubs
LOAD D:/stm32ide/STM32CubeIDE_1.17.0/STM32CubeIDE/plugins/com.st.stm32cube.ide.mcu.externaltools.gnu-tools-for-stm32.12.3.rel1.win32_1.1.0.202410251130/tools/bin/../lib/gcc/arm-none-eabi/12.3.1/../../../../arm-none-eabi/lib/thumb/v7e-m+fp/hard\libc.a
LOAD D:/stm32ide/STM32CubeIDE_1.17.0/STM32CubeIDE/plugins/com.st.stm32cube.ide.mcu.externaltools.gnu-tools-for-stm32.12.3.rel1.win32_1.1.0.202410251130/tools/bin/../lib/gcc/arm-none-eabi/12.3.1/../../../../arm-none-eabi/lib/thumb/v7e-m+fp/hard\libm.a
LOAD D:/stm32ide/STM32CubeIDE_1.17.0/STM32CubeIDE/plugins/com.st.stm32cube.ide.mcu.externaltools.gnu-tools-for-stm32.12.3.rel1.win32_1.1.0.202410251130/tools/bin/../lib/gcc/arm-none-eabi/12.3.1/thumb/v7e-m+fp/hard\libgcc.a

.debug_info     0x00000000     0xd56a
 .debug_info    0x00000000      0x74a ./Core/Src/main.o
 .debug_info    0x0000074a      0x27c ./Core/Src/stm32f4xx_hal_msp.o
 .debug_info    0x000009c6      0x627 ./Core/Src/stm32f4xx_it.o
 .debug_info    0x00000fed      0x512 ./Core/Src/system_stm32f4xx.o
 .debug_info    0x000014ff       0x30 ./Core/Startup/startup_stm32f407vgtx.o
 .debug_info    0x0000152f      0x944 ./Drivers/STM32F4xx_HAL_Driver/Src/stm32f4xx_hal.o
 .debug_info    0x00001e73      0xd8c ./Drivers/STM32F4xx_HAL_Driver/Src/stm32f4xx_hal_cortex.o
 .debug_info    0x00002bff      0x6c3 ./Drivers/STM32F4xx_HAL_Driver/Src/stm32f4xx_hal_gpio.o
 .debug_info    0x000032c2     0x156f ./Drivers/STM32F4xx_HAL_Driver/Src/stm32f4xx_hal_pcd.o
 .debug_info    0x00004831      0x6ea ./Drivers/STM32F4xx_HAL_Driver/Src/stm32f4xx_hal_pcd_ex.o
 .debug_info    0x00004f1b      0x8af ./Drivers/STM32F4xx_HAL_Driver/Src/stm32f4xx_hal_rcc.o
 .debug_info    0x000057ca     0x1993 ./Drivers/STM32F4xx_HAL_Driver/Src/stm32f4xx_ll_usb.o
 .debug_info    0x0000715d     0x12a3 ./Middlewares/ST/STM32_USB_Device_Library/Class/CDC/Src/usbd_cdc.o
 .debug_info    0x00008400      0xe05 ./Middlewares/ST/STM32_USB_Device_Library/Core/Src/usbd_core.o
 .debug_info    0x00009205      0xade ./Middlewares/ST/STM32_USB_Device_Library/Core/Src/usbd_ctlreq.o
 .debug_info    0x00009ce3      0x755 ./Middlewares/ST/STM32_USB_Device_Library/Core/Src/usbd_ioreq.o
 .debug_info    0x0000a438      0x701 ./USB_DEVICE/App/usb_device.o
 .debug_info    0x0000ab39      0x970 ./USB_DEVICE/App/usbd_cdc_if.o
 .debug_info    0x0000b4a9      0x458 ./USB_DEVICE/App/usbd_desc.o
 .debug_info    0x0000b901     0x1c69 ./USB_DEVICE/Target/usbd_conf.o

.debug_abbrev   0x00000000     0x29f4
 .debug_abbrev  0x00000000      0x23b ./Core/Src/main.o
 .debug_abbrev  0x0000023b       0xf4 ./Core/Src/stm32f4xx_hal_msp.o
 .debug_abbrev  0x0000032f      0x1a4 ./Core/Src/stm32f4xx_it.o
 .debug_abbrev  0x000004d3      0x11a ./Core/Src/system_stm32f4xx.o
 .debug_abbrev  0x000005ed       0x24 ./Core/Startup/startup_stm32f407vgtx.o
 .debug_abbrev  0x00000611      0x214 ./Drivers/STM32F4xx_HAL_Driver/Src/stm32f4xx_hal.o
 .debug_abbrev  0x00000825      0x31d ./Drivers/STM32F4xx_HAL_Driver/Src/stm32f4xx_hal_cortex.o
 .debug_abbrev  0x00000b42      0x1d4 ./Drivers/STM32F4xx_HAL_Driver/Src/stm32f4xx_hal_gpio.o
 .debug_abbrev  0x00000d16      0x2b9 ./Drivers/STM32F4xx_HAL_Driver/Src/stm32f4xx_hal_pcd.o
 .debug_abbrev  0x00000fcf      0x1da ./Drivers/STM32F4xx_HAL_Driver/Src/stm32f4xx_hal_pcd_ex.o
 .debug_abbrev  0x000011a9      0x2b7 ./Drivers/STM32F4xx_HAL_Driver/Src/stm32f4xx_hal_rcc.o
 .debug_abbrev  0x00001460      0x2b3 ./Drivers/STM32F4xx_HAL_Driver/Src/stm32f4xx_ll_usb.o
 .debug_abbrev  0x00001713      0x2d2 ./Middlewares/ST/STM32_USB_Device_Library/Class/CDC/Src/usbd_cdc.o
 .debug_abbrev  0x000019e5      0x27c ./Middlewares/ST/STM32_USB_Device_Library/Core/Src/usbd_core.o
 .debug_abbrev  0x00001c61      0x26f ./Middlewares/ST/STM32_USB_Device_Library/Core/Src/usbd_ctlreq.o
 .debug_abbrev  0x00001ed0      0x19a ./Middlewares/ST/STM32_USB_Device_Library/Core/Src/usbd_ioreq.o
 .debug_abbrev  0x0000206a      0x195 ./USB_DEVICE/App/usb_device.o
 .debug_abbrev  0x000021ff      0x2d5 ./USB_DEVICE/App/usbd_cdc_if.o
 .debug_abbrev  0x000024d4      0x1e1 ./USB_DEVICE/App/usbd_desc.o
 .debug_abbrev  0x000026b5      0x33f ./USB_DEVICE/Target/usbd_conf.o

.debug_aranges  0x00000000      0xb50
 .debug_aranges
                0x00000000       0x38 ./Core/Src/main.o
 .debug_aranges
                0x00000038       0x20 ./Core/Src/stm32f4xx_hal_msp.o
 .debug_aranges
                0x00000058       0x68 ./Core/Src/stm32f4xx_it.o
 .debug_aranges
                0x000000c0       0x28 ./Core/Src/system_stm32f4xx.o
 .debug_aranges
                0x000000e8       0x28 ./Core/Startup/startup_stm32f407vgtx.o
 .debug_aranges
                0x00000110       0xf0 ./Drivers/STM32F4xx_HAL_Driver/Src/stm32f4xx_hal.o
 .debug_aranges
                0x00000200      0x130 ./Drivers/STM32F4xx_HAL_Driver/Src/stm32f4xx_hal_cortex.o
 .debug_aranges
                0x00000330       0x58 ./Drivers/STM32F4xx_HAL_Driver/Src/stm32f4xx_hal_gpio.o
 .debug_aranges
                0x00000388      0x148 ./Drivers/STM32F4xx_HAL_Driver/Src/stm32f4xx_hal_pcd.o
 .debug_aranges
                0x000004d0       0x38 ./Drivers/STM32F4xx_HAL_Driver/Src/stm32f4xx_hal_pcd_ex.o
 .debug_aranges
                0x00000508       0x88 ./Drivers/STM32F4xx_HAL_Driver/Src/stm32f4xx_hal_rcc.o
 .debug_aranges
                0x00000590      0x1a0 ./Drivers/STM32F4xx_HAL_Driver/Src/stm32f4xx_ll_usb.o
 .debug_aranges
                0x00000730       0x90 ./Middlewares/ST/STM32_USB_Device_Library/Class/CDC/Src/usbd_cdc.o
 .debug_aranges
                0x000007c0       0xd8 ./Middlewares/ST/STM32_USB_Device_Library/Core/Src/usbd_core.o
 .debug_aranges
                0x00000898       0x90 ./Middlewares/ST/STM32_USB_Device_Library/Core/Src/usbd_ctlreq.o
 .debug_aranges
                0x00000928       0x50 ./Middlewares/ST/STM32_USB_Device_Library/Core/Src/usbd_ioreq.o
 .debug_aranges
                0x00000978       0x20 ./USB_DEVICE/App/usb_device.o
 .debug_aranges
                0x00000998       0x48 ./USB_DEVICE/App/usbd_cdc_if.o
 .debug_aranges
                0x000009e0       0x60 ./USB_DEVICE/App/usbd_desc.o
 .debug_aranges
                0x00000a40      0x110 ./USB_DEVICE/Target/usbd_conf.o

.debug_rnglists
                0x00000000      0x854
 .debug_rnglists
                0x00000000       0x27 ./Core/Src/main.o
 .debug_rnglists
                0x00000027       0x13 ./Core/Src/stm32f4xx_hal_msp.o
 .debug_rnglists
                0x0000003a       0x49 ./Core/Src/stm32f4xx_it.o
 .debug_rnglists
                0x00000083       0x1a ./Core/Src/system_stm32f4xx.o
 .debug_rnglists
                0x0000009d       0x19 ./Core/Startup/startup_stm32f407vgtx.o
 .debug_rnglists
                0x000000b6       0xaf ./Drivers/STM32F4xx_HAL_Driver/Src/stm32f4xx_hal.o
 .debug_rnglists
                0x00000165       0xe0 ./Drivers/STM32F4xx_HAL_Driver/Src/stm32f4xx_hal_cortex.o
 .debug_rnglists
                0x00000245       0x3f ./Drivers/STM32F4xx_HAL_Driver/Src/stm32f4xx_hal_gpio.o
 .debug_rnglists
                0x00000284       0xfa ./Drivers/STM32F4xx_HAL_Driver/Src/stm32f4xx_hal_pcd.o
 .debug_rnglists
                0x0000037e       0x26 ./Drivers/STM32F4xx_HAL_Driver/Src/stm32f4xx_hal_pcd_ex.o
 .debug_rnglists
                0x000003a4       0x66 ./Drivers/STM32F4xx_HAL_Driver/Src/stm32f4xx_hal_rcc.o
 .debug_rnglists
                0x0000040a      0x147 ./Drivers/STM32F4xx_HAL_Driver/Src/stm32f4xx_ll_usb.o
 .debug_rnglists
                0x00000551       0x6c ./Middlewares/ST/STM32_USB_Device_Library/Class/CDC/Src/usbd_cdc.o
 .debug_rnglists
                0x000005bd       0xa1 ./Middlewares/ST/STM32_USB_Device_Library/Core/Src/usbd_core.o
 .debug_rnglists
                0x0000065e       0x6e ./Middlewares/ST/STM32_USB_Device_Library/Core/Src/usbd_ctlreq.o
 .debug_rnglists
                0x000006cc       0x37 ./Middlewares/ST/STM32_USB_Device_Library/Core/Src/usbd_ioreq.o
 .debug_rnglists
                0x00000703       0x13 ./USB_DEVICE/App/usb_device.o
 .debug_rnglists
                0x00000716       0x32 ./USB_DEVICE/App/usbd_cdc_if.o
 .debug_rnglists
                0x00000748       0x43 ./USB_DEVICE/App/usbd_desc.o
 .debug_rnglists
                0x0000078b       0xc9 ./USB_DEVICE/Target/usbd_conf.o

.debug_macro    0x00000000    0x22664
 .debug_macro   0x00000000      0x38c ./Core/Src/main.o
 .debug_macro   0x0000038c      0xab4 ./Core/Src/main.o
 .debug_macro   0x00000e40      0x295 ./Core/Src/main.o
 .debug_macro   0x000010d5       0x2e ./Core/Src/main.o
 .debug_macro   0x00001103       0x2f ./Core/Src/main.o
 .debug_macro   0x00001132       0x22 ./Core/Src/main.o
 .debug_macro   0x00001154       0x8e ./Core/Src/main.o
 .debug_macro   0x000011e2       0x51 ./Core/Src/main.o
 .debug_macro   0x00001233      0x103 ./Core/Src/main.o
 .debug_macro   0x00001336       0x6a ./Core/Src/main.o
 .debug_macro   0x000013a0      0x1df ./Core/Src/main.o
 .debug_macro   0x0000157f       0x1c ./Core/Src/main.o
 .debug_macro   0x0000159b       0x22 ./Core/Src/main.o
 .debug_macro   0x000015bd       0xfb ./Core/Src/main.o
 .debug_macro   0x000016b8     0x1011 ./Core/Src/main.o
 .debug_macro   0x000026c9      0x11f ./Core/Src/main.o
 .debug_macro   0x000027e8    0x15e97 ./Core/Src/main.o
 .debug_macro   0x0001867f       0x6d ./Core/Src/main.o
 .debug_macro   0x000186ec     0x369a ./Core/Src/main.o
 .debug_macro   0x0001bd86      0x189 ./Core/Src/main.o
 .debug_macro   0x0001bf0f       0x5c ./Core/Src/main.o
 .debug_macro   0x0001bf6b      0x980 ./Core/Src/main.o
 .debug_macro   0x0001c8eb      0x9e9 ./Core/Src/main.o
 .debug_macro   0x0001d2d4      0x115 ./Core/Src/main.o
 .debug_macro   0x0001d3e9      0x13e ./Core/Src/main.o
 .debug_macro   0x0001d527       0xa5 ./Core/Src/main.o
 .debug_macro   0x0001d5cc      0x174 ./Core/Src/main.o
 .debug_macro   0x0001d740      0x287 ./Core/Src/main.o
 .debug_macro   0x0001d9c7       0x5f ./Core/Src/main.o
 .debug_macro   0x0001da26      0x236 ./Core/Src/main.o
 .debug_macro   0x0001dc5c      0x12c ./Core/Src/main.o
 .debug_macro   0x0001dd88      0x21e ./Core/Src/main.o
 .debug_macro   0x0001dfa6       0x2e ./Core/Src/main.o
 .debug_macro   0x0001dfd4      0x127 ./Core/Src/main.o
 .debug_macro   0x0001e0fb       0x7e ./Core/Src/main.o
 .debug_macro   0x0001e179       0x89 ./Core/Src/main.o
 .debug_macro   0x0001e202      0x293 ./Core/Src/main.o
 .debug_macro   0x0001e495       0xba ./Core/Src/main.o
 .debug_macro   0x0001e54f      0x12d ./Core/Src/main.o
 .debug_macro   0x0001e67c       0x61 ./Core/Src/main.o
 .debug_macro   0x0001e6dd       0x2a ./Core/Src/main.o
 .debug_macro   0x0001e707       0x43 ./Core/Src/main.o
 .debug_macro   0x0001e74a       0x34 ./Core/Src/main.o
 .debug_macro   0x0001e77e       0x16 ./Core/Src/main.o
 .debug_macro   0x0001e794       0x35 ./Core/Src/main.o
 .debug_macro   0x0001e7c9      0x369 ./Core/Src/main.o
 .debug_macro   0x0001eb32       0x10 ./Core/Src/main.o
 .debug_macro   0x0001eb42       0x16 ./Core/Src/main.o
 .debug_macro   0x0001eb58       0x43 ./Core/Src/main.o
 .debug_macro   0x0001eb9b       0x34 ./Core/Src/main.o
 .debug_macro   0x0001ebcf       0x10 ./Core/Src/main.o
 .debug_macro   0x0001ebdf       0x58 ./Core/Src/main.o
 .debug_macro   0x0001ec37       0x8e ./Core/Src/main.o
 .debug_macro   0x0001ecc5       0x1c ./Core/Src/main.o
 .debug_macro   0x0001ece1      0x177 ./Core/Src/main.o
 .debug_macro   0x0001ee58       0x16 ./Core/Src/main.o
 .debug_macro   0x0001ee6e       0x16 ./Core/Src/main.o
 .debug_macro   0x0001ee84      0x146 ./Core/Src/main.o
 .debug_macro   0x0001efca       0x16 ./Core/Src/main.o
 .debug_macro   0x0001efe0       0x16 ./Core/Src/main.o
 .debug_macro   0x0001eff6       0x29 ./Core/Src/main.o
 .debug_macro   0x0001f01f       0x16 ./Core/Src/main.o
 .debug_macro   0x0001f035       0x20 ./Core/Src/main.o
 .debug_macro   0x0001f055       0x65 ./Core/Src/main.o
 .debug_macro   0x0001f0ba      0x20f ./Core/Src/main.o
 .debug_macro   0x0001f2c9       0x95 ./Core/Src/main.o
 .debug_macro   0x0001f35e       0x10 ./Core/Src/main.o
 .debug_macro   0x0001f36e      0x1de ./Core/Src/stm32f4xx_hal_msp.o
 .debug_macro   0x0001f54c      0x1e8 ./Core/Src/stm32f4xx_it.o
 .debug_macro   0x0001f734      0x1d4 ./Core/Src/system_stm32f4xx.o
 .debug_macro   0x0001f908      0x234 ./Drivers/STM32F4xx_HAL_Driver/Src/stm32f4xx_hal.o
 .debug_macro   0x0001fb3c      0x1d4 ./Drivers/STM32F4xx_HAL_Driver/Src/stm32f4xx_hal_cortex.o
 .debug_macro   0x0001fd10      0x1da ./Drivers/STM32F4xx_HAL_Driver/Src/stm32f4xx_hal_gpio.o
 .debug_macro   0x0001feea      0x1e0 ./Drivers/STM32F4xx_HAL_Driver/Src/stm32f4xx_hal_pcd.o
 .debug_macro   0x000200ca      0x1d4 ./Drivers/STM32F4xx_HAL_Driver/Src/stm32f4xx_hal_pcd_ex.o
 .debug_macro   0x0002029e      0x1f8 ./Drivers/STM32F4xx_HAL_Driver/Src/stm32f4xx_hal_rcc.o
 .debug_macro   0x00020496      0x1d4 ./Drivers/STM32F4xx_HAL_Driver/Src/stm32f4xx_ll_usb.o
 .debug_macro   0x0002066a      0x36d ./Middlewares/ST/STM32_USB_Device_Library/Class/CDC/Src/usbd_cdc.o
 .debug_macro   0x000209d7       0x9e ./Middlewares/ST/STM32_USB_Device_Library/Class/CDC/Src/usbd_cdc.o
 .debug_macro   0x00020a75      0x10b ./Middlewares/ST/STM32_USB_Device_Library/Class/CDC/Src/usbd_cdc.o
 .debug_macro   0x00020b80       0x56 ./Middlewares/ST/STM32_USB_Device_Library/Class/CDC/Src/usbd_cdc.o
 .debug_macro   0x00020bd6      0x354 ./Middlewares/ST/STM32_USB_Device_Library/Core/Src/usbd_core.o
 .debug_macro   0x00020f2a      0x215 ./Middlewares/ST/STM32_USB_Device_Library/Core/Src/usbd_core.o
 .debug_macro   0x0002113f      0x35e ./Middlewares/ST/STM32_USB_Device_Library/Core/Src/usbd_ctlreq.o
 .debug_macro   0x0002149d      0x35a ./Middlewares/ST/STM32_USB_Device_Library/Core/Src/usbd_ioreq.o
 .debug_macro   0x000217f7      0x393 ./USB_DEVICE/App/usb_device.o
 .debug_macro   0x00021b8a       0x22 ./USB_DEVICE/App/usb_device.o
 .debug_macro   0x00021bac       0x16 ./USB_DEVICE/App/usb_device.o
 .debug_macro   0x00021bc2      0x378 ./USB_DEVICE/App/usbd_cdc_if.o
 .debug_macro   0x00021f3a      0x397 ./USB_DEVICE/App/usbd_desc.o
 .debug_macro   0x000222d1       0x1c ./USB_DEVICE/App/usbd_desc.o
 .debug_macro   0x000222ed      0x377 ./USB_DEVICE/Target/usbd_conf.o

.debug_line     0x00000000     0xf7f6
 .debug_line    0x00000000      0xada ./Core/Src/main.o
 .debug_line    0x00000ada      0x75d ./Core/Src/stm32f4xx_hal_msp.o
 .debug_line    0x00001237      0x837 ./Core/Src/stm32f4xx_it.o
 .debug_line    0x00001a6e      0x7e1 ./Core/Src/system_stm32f4xx.o
 .debug_line    0x0000224f       0x7a ./Core/Startup/startup_stm32f407vgtx.o
 .debug_line    0x000022c9      0xa4a ./Drivers/STM32F4xx_HAL_Driver/Src/stm32f4xx_hal.o
 .debug_line    0x00002d13      0xd3c ./Drivers/STM32F4xx_HAL_Driver/Src/stm32f4xx_hal_cortex.o
 .debug_line    0x00003a4f      0xbd6 ./Drivers/STM32F4xx_HAL_Driver/Src/stm32f4xx_hal_gpio.o
 .debug_line    0x00004625     0x1533 ./Drivers/STM32F4xx_HAL_Driver/Src/stm32f4xx_hal_pcd.o
 .debug_line    0x00005b58      0x827 ./Drivers/STM32F4xx_HAL_Driver/Src/stm32f4xx_hal_pcd_ex.o
 .debug_line    0x0000637f      0xdd5 ./Drivers/STM32F4xx_HAL_Driver/Src/stm32f4xx_hal_rcc.o
 .debug_line    0x00007154     0x1e25 ./Drivers/STM32F4xx_HAL_Driver/Src/stm32f4xx_ll_usb.o
 .debug_line    0x00008f79      0xee6 ./Middlewares/ST/STM32_USB_Device_Library/Class/CDC/Src/usbd_cdc.o
 .debug_line    0x00009e5f      0xf60 ./Middlewares/ST/STM32_USB_Device_Library/Core/Src/usbd_core.o
 .debug_line    0x0000adbf     0x1170 ./Middlewares/ST/STM32_USB_Device_Library/Core/Src/usbd_ctlreq.o
 .debug_line    0x0000bf2f      0xa7a ./Middlewares/ST/STM32_USB_Device_Library/Core/Src/usbd_ioreq.o
 .debug_line    0x0000c9a9      0xa36 ./USB_DEVICE/App/usb_device.o
 .debug_line    0x0000d3df      0xaf9 ./USB_DEVICE/App/usbd_cdc_if.o
 .debug_line    0x0000ded8      0xaff ./USB_DEVICE/App/usbd_desc.o
 .debug_line    0x0000e9d7      0xe1f ./USB_DEVICE/Target/usbd_conf.o

.debug_str      0x00000000    0xc3ebe
 .debug_str     0x00000000    0xc08e5 ./Core/Src/main.o
                              0xc0bea (size before relaxing)
 .debug_str     0x000c08e5       0x49 ./Core/Src/stm32f4xx_hal_msp.o
                              0xbc315 (size before relaxing)
 .debug_str     0x000c092e      0x49b ./Core/Src/stm32f4xx_it.o
                              0xbc6b1 (size before relaxing)
 .debug_str     0x000c0dc9       0xdb ./Core/Src/system_stm32f4xx.o
                              0xbc3a8 (size before relaxing)
 .debug_str     0x000c0ea4       0x44 ./Core/Startup/startup_stm32f407vgtx.o
                                 0x69 (size before relaxing)
 .debug_str     0x000c0ee8      0xae0 ./Drivers/STM32F4xx_HAL_Driver/Src/stm32f4xx_hal.o
                              0xbcf2c (size before relaxing)
 .debug_str     0x000c19c8      0x39e ./Drivers/STM32F4xx_HAL_Driver/Src/stm32f4xx_hal_cortex.o
                              0xbcca8 (size before relaxing)
 .debug_str     0x000c1d66      0x11e ./Drivers/STM32F4xx_HAL_Driver/Src/stm32f4xx_hal_gpio.o
                              0xbc523 (size before relaxing)
 .debug_str     0x000c1e84      0x831 ./Drivers/STM32F4xx_HAL_Driver/Src/stm32f4xx_hal_pcd.o
                              0xbce86 (size before relaxing)
 .debug_str     0x000c26b5      0x115 ./Drivers/STM32F4xx_HAL_Driver/Src/stm32f4xx_hal_pcd_ex.o
                              0xbc776 (size before relaxing)
 .debug_str     0x000c27ca      0x21f ./Drivers/STM32F4xx_HAL_Driver/Src/stm32f4xx_hal_rcc.o
                              0xbc7dc (size before relaxing)
 .debug_str     0x000c29e9      0x4b9 ./Drivers/STM32F4xx_HAL_Driver/Src/stm32f4xx_ll_usb.o
                              0xbcd61 (size before relaxing)
 .debug_str     0x000c2ea2      0x6fe ./Middlewares/ST/STM32_USB_Device_Library/Class/CDC/Src/usbd_cdc.o
                              0xc1379 (size before relaxing)
 .debug_str     0x000c35a0      0x35c ./Middlewares/ST/STM32_USB_Device_Library/Core/Src/usbd_core.o
                              0xc0cd2 (size before relaxing)
 .debug_str     0x000c38fc      0x139 ./Middlewares/ST/STM32_USB_Device_Library/Core/Src/usbd_ctlreq.o
                              0xc0afd (size before relaxing)
 .debug_str     0x000c3a35       0x51 ./Middlewares/ST/STM32_USB_Device_Library/Core/Src/usbd_ioreq.o
                              0xc09d2 (size before relaxing)
 .debug_str     0x000c3a86       0xc6 ./USB_DEVICE/App/usb_device.o
                              0xc0d85 (size before relaxing)
 .debug_str     0x000c3b4c       0x91 ./USB_DEVICE/App/usbd_cdc_if.o
                              0xc0dd8 (size before relaxing)
 .debug_str     0x000c3bdd      0x26e ./USB_DEVICE/App/usbd_desc.o
                              0xc08d2 (size before relaxing)
 .debug_str     0x000c3e4b       0x73 ./USB_DEVICE/Target/usbd_conf.o
                              0xc1bc7 (size before relaxing)

.comment        0x00000000       0x43
 .comment       0x00000000       0x43 ./Core/Src/main.o
                                 0x44 (size before relaxing)
 .comment       0x00000043       0x44 ./Core/Src/stm32f4xx_hal_msp.o
 .comment       0x00000043       0x44 ./Core/Src/stm32f4xx_it.o
 .comment       0x00000043       0x44 ./Core/Src/system_stm32f4xx.o
 .comment       0x00000043       0x44 ./Drivers/STM32F4xx_HAL_Driver/Src/stm32f4xx_hal.o
 .comment       0x00000043       0x44 ./Drivers/STM32F4xx_HAL_Driver/Src/stm32f4xx_hal_cortex.o
 .comment       0x00000043       0x44 ./Drivers/STM32F4xx_HAL_Driver/Src/stm32f4xx_hal_gpio.o
 .comment       0x00000043       0x44 ./Drivers/STM32F4xx_HAL_Driver/Src/stm32f4xx_hal_pcd.o
 .comment       0x00000043       0x44 ./Drivers/STM32F4xx_HAL_Driver/Src/stm32f4xx_hal_pcd_ex.o
 .comment       0x00000043       0x44 ./Drivers/STM32F4xx_HAL_Driver/Src/stm32f4xx_hal_rcc.o
 .comment       0x00000043       0x44 ./Drivers/STM32F4xx_HAL_Driver/Src/stm32f4xx_ll_usb.o
 .comment       0x00000043       0x44 ./Middlewares/ST/STM32_USB_Device_Library/Class/CDC/Src/usbd_cdc.o
 .comment       0x00000043       0x44 ./Middlewares/ST/STM32_USB_Device_Library/Core/Src/usbd_core.o
 .comment       0x00000043       0x44 ./Middlewares/ST/STM32_USB_Device_Library/Core/Src/usbd_ctlreq.o
 .comment       0x00000043       0x44 ./Middlewares/ST/STM32_USB_Device_Library/Core/Src/usbd_ioreq.o
 .comment       0x00000043       0x44 ./USB_DEVICE/App/usb_device.o
 .comment       0x00000043       0x44 ./USB_DEVICE/App/usbd_cdc_if.o
 .comment       0x00000043       0x44 ./USB_DEVICE/App/usbd_desc.o
 .comment       0x00000043       0x44 ./USB_DEVICE/Target/usbd_conf.o

.debug_frame    0x00000000     0x2ccc
 .debug_frame   0x00000000       0x90 ./Core/Src/main.o
 .debug_frame   0x00000090       0x34 ./Core/Src/stm32f4xx_hal_msp.o
 .debug_frame   0x000000c4      0x120 ./Core/Src/stm32f4xx_it.o
 .debug_frame   0x000001e4       0x58 ./Core/Src/system_stm32f4xx.o
 .debug_frame   0x0000023c      0x374 ./Drivers/STM32F4xx_HAL_Driver/Src/stm32f4xx_hal.o
 .debug_frame   0x000005b0      0x508 ./Drivers/STM32F4xx_HAL_Driver/Src/stm32f4xx_hal_cortex.o
 .debug_frame   0x00000ab8      0x14c ./Drivers/STM32F4xx_HAL_Driver/Src/stm32f4xx_hal_gpio.o
 .debug_frame   0x00000c04      0x5b8 ./Drivers/STM32F4xx_HAL_Driver/Src/stm32f4xx_hal_pcd.o
 .debug_frame   0x000011bc       0xb0 ./Drivers/STM32F4xx_HAL_Driver/Src/stm32f4xx_hal_pcd_ex.o
 .debug_frame   0x0000126c      0x1f4 ./Drivers/STM32F4xx_HAL_Driver/Src/stm32f4xx_hal_rcc.o
 .debug_frame   0x00001460      0x7c0 ./Drivers/STM32F4xx_HAL_Driver/Src/stm32f4xx_ll_usb.o
 .debug_frame   0x00001c20      0x23c ./Middlewares/ST/STM32_USB_Device_Library/Class/CDC/Src/usbd_cdc.o
 .debug_frame   0x00001e5c      0x390 ./Middlewares/ST/STM32_USB_Device_Library/Core/Src/usbd_core.o
 .debug_frame   0x000021ec      0x23c ./Middlewares/ST/STM32_USB_Device_Library/Core/Src/usbd_ctlreq.o
 .debug_frame   0x00002428      0x10c ./Middlewares/ST/STM32_USB_Device_Library/Core/Src/usbd_ioreq.o
 .debug_frame   0x00002534       0x2c ./USB_DEVICE/App/usb_device.o
 .debug_frame   0x00002560       0xe4 ./USB_DEVICE/App/usbd_cdc_if.o
 .debug_frame   0x00002644      0x160 ./USB_DEVICE/App/usbd_desc.o
 .debug_frame   0x000027a4      0x47c ./USB_DEVICE/Target/usbd_conf.o
 .debug_frame   0x00002c20       0x20 D:/stm32ide/STM32CubeIDE_1.17.0/STM32CubeIDE/plugins/com.st.stm32cube.ide.mcu.externaltools.gnu-tools-for-stm32.12.3.rel1.win32_1.1.0.202410251130/tools/bin/../lib/gcc/arm-none-eabi/12.3.1/../../../../arm-none-eabi/lib/thumb/v7e-m+fp/hard\libc_nano.a(libc_a-memset.o)
 .debug_frame   0x00002c40       0x2c D:/stm32ide/STM32CubeIDE_1.17.0/STM32CubeIDE/plugins/com.st.stm32cube.ide.mcu.externaltools.gnu-tools-for-stm32.12.3.rel1.win32_1.1.0.202410251130/tools/bin/../lib/gcc/arm-none-eabi/12.3.1/../../../../arm-none-eabi/lib/thumb/v7e-m+fp/hard\libc_nano.a(libc_a-init.o)
 .debug_frame   0x00002c6c       0x2c D:/stm32ide/STM32CubeIDE_1.17.0/STM32CubeIDE/plugins/com.st.stm32cube.ide.mcu.externaltools.gnu-tools-for-stm32.12.3.rel1.win32_1.1.0.202410251130/tools/bin/../lib/gcc/arm-none-eabi/12.3.1/thumb/v7e-m+fp/hard\libgcc.a(_aeabi_uldivmod.o)
 .debug_frame   0x00002c98       0x34 D:/stm32ide/STM32CubeIDE_1.17.0/STM32CubeIDE/plugins/com.st.stm32cube.ide.mcu.externaltools.gnu-tools-for-stm32.12.3.rel1.win32_1.1.0.202410251130/tools/bin/../lib/gcc/arm-none-eabi/12.3.1/thumb/v7e-m+fp/hard\libgcc.a(_udivmoddi4.o)

.debug_line_str
                0x00000000       0x4d
 .debug_line_str
                0x00000000       0x4d ./Core/Startup/startup_stm32f407vgtx.o
